============================================
Job started at: Tue Dec 16 11:49:19 CST 2025
Running on node: qgpu0401
Job ID: 3467119
============================================
Python 3.10.19
Tue Dec 16 11:49:19 2025       
+-----------------------------------------------------------------------------------------+
| NVIDIA-SMI 570.86.15              Driver Version: 570.86.15      CUDA Version: 12.8     |
|-----------------------------------------+------------------------+----------------------+
| GPU  Name                 Persistence-M | Bus-Id          Disp.A | Volatile Uncorr. ECC |
| Fan  Temp   Perf          Pwr:Usage/Cap |           Memory-Usage | GPU-Util  Compute M. |
|                                         |                        |               MIG M. |
|=========================================+========================+======================|
|   0  NVIDIA A100-PCIE-40GB          On  |   00000000:06:00.0 Off |                    0 |
| N/A   25C    P0             31W /  250W |       1MiB /  40960MiB |      0%      Default |
|                                         |                        |             Disabled |
+-----------------------------------------+------------------------+----------------------+
                                                                                         
+-----------------------------------------------------------------------------------------+
| Processes:                                                                              |
|  GPU   GI   CI              PID   Type   Process name                        GPU Memory |
|        ID   ID                                                               Usage      |
|=========================================================================================|
|  No running processes found                                                             |
+-----------------------------------------------------------------------------------------+
============================================
✅ Using modern MuJoCo environments (no compilation needed!)
Using CUDA ..
{'eval_freq': 2000, 'eval_episodes': 50, 'max_trajectory_length': 50, 'max_timesteps': 200000.0, 'goal_threshold': 0.08}
Initializing IndependentDiscretePolicy ...
============================================
Job completed at: Tue Dec 16 11:49:43 CST 2025
============================================
