Gym has been unmaintained since 2022 and does not support NumPy 2.0 amongst other critical functionality.
Please upgrade to Gymnasium, the maintained drop-in replacement of Gym, or contact the authors of your software and request that they upgrade.
Users of this version of Gym should be able to simply replace 'import gym' with 'import gymnasium as gym' in the vast majority of cases.
See the migration guide at https://gymnasium.farama.org/introduction/migration_guide/ for additional information.
Traceback (most recent call last):
  File "/home/dlf8982/miniconda/envs/hdm2/lib/python3.10/runpy.py", line 196, in _run_module_as_main
    return _run_code(code, main_globals, None,
  File "/home/dlf8982/miniconda/envs/hdm2/lib/python3.10/runpy.py", line 86, in _run_code
    exec(code, run_globals)
  File "/gpfs/home/dlf8982/AAA/hdm2/hdm/__main__.py", line 207, in <module>
    algo = launch(args)
  File "/gpfs/home/dlf8982/AAA/hdm2/hdm/__main__.py", line 94, in launch
    env, agent = get_env_and_agent(env, env_params)
  File "/gpfs/home/dlf8982/AAA/hdm2/hdm/__main__.py", line 64, in get_env_and_agent
    policy = default_markov_policy(env, env_params)
  File "/gpfs/home/dlf8982/AAA/hdm2/hdm/__main__.py", line 55, in default_markov_policy
    return policy_class(
  File "/gpfs/home/dlf8982/AAA/hdm2/hdm/agent/core.py", line 177, in __init__
    self.n_dims = env_params['action_space.n_dims']
KeyError: 'action_space.n_dims'
