============================================
Job started at: Tue Dec 16 11:50:22 CST 2025
Running on node: qgpu0403
Job ID: 3467231
============================================
Python 3.10.19
Tue Dec 16 11:50:22 2025       
+-----------------------------------------------------------------------------------------+
| NVIDIA-SMI 570.86.15              Driver Version: 570.86.15      CUDA Version: 12.8     |
|-----------------------------------------+------------------------+----------------------+
| GPU  Name                 Persistence-M | Bus-Id          Disp.A | Volatile Uncorr. ECC |
| Fan  Temp   Perf          Pwr:Usage/Cap |           Memory-Usage | GPU-Util  Compute M. |
|                                         |                        |               MIG M. |
|=========================================+========================+======================|
|   0  NVIDIA A100-PCIE-40GB          On  |   00000000:06:00.0 Off |                    0 |
| N/A   26C    P0             34W /  250W |       1MiB /  40960MiB |      0%      Default |
|                                         |                        |             Disabled |
+-----------------------------------------+------------------------+----------------------+
                                                                                         
+-----------------------------------------------------------------------------------------+
| Processes:                                                                              |
|  GPU   GI   CI              PID   Type   Process name                        GPU Memory |
|        ID   ID                                                               Usage      |
|=========================================================================================|
|  No running processes found                                                             |
+-----------------------------------------------------------------------------------------+
============================================
✅ Using modern MuJoCo environments (no compilation needed!)
Using CUDA ..
{'goal_threshold': 0.08, 'max_trajectory_length': 500, 'max_timesteps': 1000000.0, 'eval_freq': 10000, 'eval_episodes': 50}
Initializing IndependentDiscretePolicy ...
replay_size: 2000
Logging to experiments/metaworld_door_open/Dec-16-11-50-38
[36;1mSaving config:
[0m
{
    "goal_threshold":	0.08,
    "max_trajectory_length":	500,
    "max_timesteps":	1000000.0,
    "eval_freq":	10000,
    "eval_episodes":	50,
    "obs_dim":	39,
    "goal_dim":	6,
    "independent_policy":	true,
    "action_space.n":	81,
    "action_space.n_dims":	4,
    "action_space.granularity":	3,
    "env_name":	"metaworld_door_open",
    "seed":	651,
    "save_dir":	"experiments/",
    "ckpt_name":	"Dec-16-11-50-38",
    "resume_ckpt":	"",
    "n_workers":	1,
    "num_rollouts_per_mpi":	1,
    "n_cycles":	40,
    "optimize_every":	50,
    "n_batches":	50,
    "target_update_freq":	10,
    "greedy_action":	true,
    "random_act_prob":	0.2,
    "buffer_size":	1000000,
    "future_p":	0.85,
    "next_state_p":	0.6,
    "relabeled_reward_only":	true,
    "batch_size":	256,
    "lr_actor":	0.0005,
    "start_policy_timesteps":	1000,
    "n_initial_rollouts":	200,
    "n_test_rollouts":	50,
    "gamma":	0.98,
    "polyak":	0.995,
    "use_dqn":	true,
    "double_dqn":	true,
    "backup_strategy":	"q_max",
    "backup_temp":	1.0,
    "backup_epsilon":	0.1,
    "reward_scale":	1.0,
    "reward_bias":	-1.0,
    "targ_clip":	true,
    "hdm_gamma":	0.3,
    "hdm_weights_min":	-5.0,
    "hdm_weights_max":	5.0,
    "hdm_q_coef":	1.0,
    "hdm_q_normalizer":	false,
    "hdm_online_o2":	true,
    "hdm_backup_strategy":	"act_2",
    "hdm_bc":	true,
    "hdm_weights_to_indicator":	true,
    "hdm_gamma_use_auto":	false,
    "hdm_weights_relabel_mask":	false,
    "NUM_MPI":	1
}
Epoch 1 eval | final dist 0.548 | success rate 0.000 | best success 0.000
ckpt_name: Dec-16-11-50-38
Epoch 1: Iter (out of 40)= 0 1 2 3 4 5 6 7 8 9 10 11 12 13 14 15 16 17 18 19 20 21 22 23 24 25 26 27 28 29 30 31 32 33 34 35 36 37 38 39
-----------------------------------------
| env_steps                 | 1.2e+05   |
| Epoch                     | 1         |
| exp_avg_reward            | 0.616     |
| exp_reward_avg            | 0.693     |
| hdm_gamma                 | 0.3       |
| hdm_gamma_auto            | 0.98      |
| hdm_gamma_zero_point      | 0.954     |
| hdm_q_o1                  | -2.75     |
| hdm_q_o2                  | -2.71     |
| hdm_q_to_minimize         | 0.000796  |
| hdm_weights               | -0.00136  |
| Inner_Test_AgChangeRatio  | 0         |
| Inner_Train_AgChangeRatio | 0.0145    |
| log_hdm_gamma             | -1.2      |
| Loss_hdm                  | -2.78e-05 |
| Loss_her                  | 0.0634    |
| Loss_q                    | 0.0634    |
| offset                    | 49.9      |
| opt_steps                 | 2e+04     |
| q_bg                      | -2.75     |
| q_o2_a2                   | -2.31     |
| q_o2_eps_greedy           | -2.27     |
| q_o2_max                  | -2.27     |
| q_o2_soft                 | -2.3      |
| q_o2_soft_kl              | -2.3      |
| q_o2_targ                 | -2.31     |
| q_targ                    | -2.75     |
| replay_fill_ratio         | 0.12      |
| replay_size               | 240       |
| reward                    | -0.486    |
| TestAgChangeRatio         | 0         |
| TestBestSuccessRate       | 0         |
| TestFinalDist             | 0.548     |
| TestSuccessRate           | 0         |
| Time                      | 325       |
| TimePerSeqRollout         | 3.99      |
| TimePerTrainIter          | 0.0069    |
| TotalTimeSteps            | 1.2e+05   |
| TrainAgChangeRatio        | 0.0292    |
| TrainSuccess              | 0.00417   |
-----------------------------------------
Epoch 2 eval | final dist 0.548 | success rate 0.000 | best success 0.000
ckpt_name: Dec-16-11-50-38
Epoch 2: Iter (out of 40)= 0 1 2 3 4 5 6 7 8 9 10 11 12 13 14 15 16 17 18 19 20 21 22 23 24 25 26 27 28 29 30 31 32 33 34 35 36 37 38 39
-----------------------------------------
| env_steps                 | 1.4e+05   |
| Epoch                     | 2         |
| exp_avg_reward            | 0.616     |
| exp_reward_avg            | 0.693     |
| hdm_gamma                 | 0.3       |
| hdm_gamma_auto            | 0.98      |
| hdm_gamma_zero_point      | 0.944     |
| hdm_q_o1                  | -5.84     |
| hdm_q_o2                  | -5.77     |
| hdm_q_to_minimize         | 0.00304   |
| hdm_weights               | -0.0101   |
| Inner_Test_AgChangeRatio  | 0         |
| Inner_Train_AgChangeRatio | 0.0504    |
| log_hdm_gamma             | -1.2      |
| Loss_hdm                  | -0.000411 |
| Loss_her                  | 0.131     |
| Loss_q                    | 0.13      |
| offset                    | 49.9      |
| opt_steps                 | 4e+04     |
| q_bg                      | -5.84     |
| q_o2_a2                   | -5.46     |
| q_o2_eps_greedy           | -5.4      |
| q_o2_max                  | -5.39     |
| q_o2_soft                 | -5.46     |
| q_o2_soft_kl              | -5.46     |
| q_o2_targ                 | -5.46     |
| q_targ                    | -5.84     |
| replay_fill_ratio         | 0.14      |
| replay_size               | 280       |
| reward                    | -0.485    |
| TestAgChangeRatio         | 0         |
| TestBestSuccessRate       | 0         |
| TestFinalDist             | 0.548     |
| TestSuccessRate           | 0         |
| Time                      | 511       |
| TimePerSeqRollout         | 3.95      |
| TimePerTrainIter          | 0.0068    |
| TotalTimeSteps            | 1.4e+05   |
| TrainAgChangeRatio        | 0.1       |
| TrainSuccess              | 0         |
-----------------------------------------
Epoch 3 eval | final dist 0.548 | success rate 0.000 | best success 0.000
ckpt_name: Dec-16-11-50-38
Epoch 3: Iter (out of 40)= 0 1 2 3 4 5 6 7 8 9 10 11 12 13 14 15 16 17 18 19 20 21 22 23 24 25 26 27 28 29 30 31 32 33 34 35 36 37 38 39
----------------------------------------
| env_steps                 | 1.6e+05  |
| Epoch                     | 3        |
| exp_avg_reward            | 0.616    |
| exp_reward_avg            | 0.693    |
| hdm_gamma                 | 0.3      |
| hdm_gamma_auto            | 0.98     |
| hdm_gamma_zero_point      | 0.967    |
| hdm_q_o1                  | -8.59    |
| hdm_q_o2                  | -8.52    |
| hdm_q_to_minimize         | 0.00811  |
| hdm_weights               | -0.0184  |
| Inner_Test_AgChangeRatio  | 0        |
| Inner_Train_AgChangeRatio | 0.0238   |
| log_hdm_gamma             | -1.2     |
| Loss_hdm                  | -0.00104 |
| Loss_her                  | 0.212    |
| Loss_q                    | 0.211    |
| offset                    | 49.9     |
| opt_steps                 | 6e+04    |
| q_bg                      | -8.59    |
| q_o2_a2                   | -8.26    |
| q_o2_eps_greedy           | -8.18    |
| q_o2_max                  | -8.17    |
| q_o2_soft                 | -8.27    |
| q_o2_soft_kl              | -8.27    |
| q_o2_targ                 | -8.26    |
| q_targ                    | -8.59    |
| replay_fill_ratio         | 0.16     |
| replay_size               | 320      |
| reward                    | -0.485   |
| TestAgChangeRatio         | 0        |
| TestBestSuccessRate       | 0        |
| TestFinalDist             | 0.548    |
| TestSuccessRate           | 0        |
| Time                      | 700      |
| TimePerSeqRollout         | 3.99     |
| TimePerTrainIter          | 0.00687  |
| TotalTimeSteps            | 1.6e+05  |
| TrainAgChangeRatio        | 0.075    |
| TrainSuccess              | 0.05     |
----------------------------------------
Epoch 4 eval | final dist 0.548 | success rate 0.000 | best success 0.000
ckpt_name: Dec-16-11-50-38
Epoch 4: Iter (out of 40)= 0 1 2 3 4 5 6 7 8 9 10 11 12 13 14 15 16 17 18 19 20 21 22 23 24 25 26 27 28 29 30 31 32 33 34 35 36 37 38 39
----------------------------------------
| env_steps                 | 1.8e+05  |
| Epoch                     | 4        |
| exp_avg_reward            | 0.616    |
| exp_reward_avg            | 0.693    |
| hdm_gamma                 | 0.3      |
| hdm_gamma_auto            | 0.98     |
| hdm_gamma_zero_point      | 1.01     |
| hdm_q_o1                  | -10.8    |
| hdm_q_o2                  | -10.8    |
| hdm_q_to_minimize         | 0.0122   |
| hdm_weights               | -0.0221  |
| Inner_Test_AgChangeRatio  | 0        |
| Inner_Train_AgChangeRatio | 0.115    |
| log_hdm_gamma             | -1.2     |
| Loss_hdm                  | -0.00173 |
| Loss_her                  | 0.258    |
| Loss_q                    | 0.256    |
| offset                    | 49.9     |
| opt_steps                 | 8e+04    |
| q_bg                      | -10.8    |
| q_o2_a2                   | -10.5    |
| q_o2_eps_greedy           | -10.4    |
| q_o2_max                  | -10.4    |
| q_o2_soft                 | -10.5    |
| q_o2_soft_kl              | -10.5    |
| q_o2_targ                 | -10.5    |
| q_targ                    | -10.8    |
| replay_fill_ratio         | 0.18     |
| replay_size               | 360      |
| reward                    | -0.485   |
| TestAgChangeRatio         | 0        |
| TestBestSuccessRate       | 0        |
| TestFinalDist             | 0.548    |
| TestSuccessRate           | 0        |
| Time                      | 893      |
| TimePerSeqRollout         | 4.04     |
| TimePerTrainIter          | 0.00692  |
| TotalTimeSteps            | 1.8e+05  |
| TrainAgChangeRatio        | 0.225    |
| TrainSuccess              | 0.1      |
----------------------------------------
Epoch 5 eval | final dist 0.548 | success rate 0.000 | best success 0.000
ckpt_name: Dec-16-11-50-38
Epoch 5: Iter (out of 40)= 0 1 2 3 4 5 6 7 8 9 10 11 12 13 14 15 16 17 18 19 20 21 22 23 24 25 26 27 28 29 30 31 32 33 34 35 36 37 38 39
----------------------------------------
| env_steps                 | 2e+05    |
| Epoch                     | 5        |
| exp_avg_reward            | 0.616    |
| exp_reward_avg            | 0.693    |
| hdm_gamma                 | 0.3      |
| hdm_gamma_auto            | 0.98     |
| hdm_gamma_zero_point      | 1        |
| hdm_q_o1                  | -12.7    |
| hdm_q_o2                  | -12.7    |
| hdm_q_to_minimize         | 0.0139   |
| hdm_weights               | -0.0252  |
| Inner_Test_AgChangeRatio  | 0        |
| Inner_Train_AgChangeRatio | 0.03     |
| log_hdm_gamma             | -1.2     |
| Loss_hdm                  | -0.00217 |
| Loss_her                  | 0.323    |
| Loss_q                    | 0.321    |
| offset                    | 49.9     |
| opt_steps                 | 1e+05    |
| q_bg                      | -12.7    |
| q_o2_a2                   | -12.5    |
| q_o2_eps_greedy           | -12.4    |
| q_o2_max                  | -12.3    |
| q_o2_soft                 | -12.5    |
| q_o2_soft_kl              | -12.5    |
| q_o2_targ                 | -12.5    |
| q_targ                    | -12.7    |
| replay_fill_ratio         | 0.2      |
| replay_size               | 400      |
| reward                    | -0.485   |
| TestAgChangeRatio         | 0        |
| TestBestSuccessRate       | 0        |
| TestFinalDist             | 0.548    |
| TestSuccessRate           | 0        |
| Time                      | 1.09e+03 |
| TimePerSeqRollout         | 4.05     |
| TimePerTrainIter          | 0.00696  |
| TotalTimeSteps            | 2e+05    |
| TrainAgChangeRatio        | 0.1      |
| TrainSuccess              | 0        |
----------------------------------------
Epoch 6 eval | final dist 0.548 | success rate 0.000 | best success 0.000
ckpt_name: Dec-16-11-50-38
Epoch 6: Iter (out of 40)= 0 1 2 3 4 5 6 7 8 9 10 11 12 13 14 15 16 17 18 19 20 21 22 23 24 25 26 27 28 29 30 31 32 33 34 35 36 37 38 39
----------------------------------------
| env_steps                 | 2.2e+05  |
| Epoch                     | 6        |
| exp_avg_reward            | 0.616    |
| exp_reward_avg            | 0.693    |
| hdm_gamma                 | 0.3      |
| hdm_gamma_auto            | 0.98     |
| hdm_gamma_zero_point      | 1.01     |
| hdm_q_o1                  | -14.2    |
| hdm_q_o2                  | -14.2    |
| hdm_q_to_minimize         | 0.0144   |
| hdm_weights               | -0.0273  |
| Inner_Test_AgChangeRatio  | 0        |
| Inner_Train_AgChangeRatio | 0.068    |
| log_hdm_gamma             | -1.2     |
| Loss_hdm                  | -0.00257 |
| Loss_her                  | 0.395    |
| Loss_q                    | 0.393    |
| offset                    | 49.9     |
| opt_steps                 | 1.2e+05  |
| q_bg                      | -14.2    |
| q_o2_a2                   | -14      |
| q_o2_eps_greedy           | -13.9    |
| q_o2_max                  | -13.9    |
| q_o2_soft                 | -14      |
| q_o2_soft_kl              | -14      |
| q_o2_targ                 | -14      |
| q_targ                    | -14.2    |
| replay_fill_ratio         | 0.22     |
| replay_size               | 440      |
| reward                    | -0.486   |
| TestAgChangeRatio         | 0        |
| TestBestSuccessRate       | 0        |
| TestFinalDist             | 0.548    |
| TestSuccessRate           | 0        |
| Time                      | 1.28e+03 |
| TimePerSeqRollout         | 4.05     |
| TimePerTrainIter          | 0.00697  |
| TotalTimeSteps            | 2.2e+05  |
| TrainAgChangeRatio        | 0.15     |
| TrainSuccess              | 0.025    |
----------------------------------------
Epoch 7 eval | final dist 0.548 | success rate 0.000 | best success 0.000
ckpt_name: Dec-16-11-50-38
Epoch 7: Iter (out of 40)= 0 1 2 3 4 5 6 7 8 9 10 11 12 13 14 15 16 17 18 19 20 21 22 23 24 25 26 27 28 29 30 31 32 33 34 35 36 37 38 39
----------------------------------------
| env_steps                 | 2.4e+05  |
| Epoch                     | 7        |
| exp_avg_reward            | 0.616    |
| exp_reward_avg            | 0.693    |
| hdm_gamma                 | 0.3      |
| hdm_gamma_auto            | 0.98     |
| hdm_gamma_zero_point      | 1.01     |
| hdm_q_o1                  | -15.6    |
| hdm_q_o2                  | -15.6    |
| hdm_q_to_minimize         | 0.013    |
| hdm_weights               | -0.0287  |
| Inner_Test_AgChangeRatio  | 0        |
| Inner_Train_AgChangeRatio | 0.0962   |
| log_hdm_gamma             | -1.2     |
| Loss_hdm                  | -0.00289 |
| Loss_her                  | 0.477    |
| Loss_q                    | 0.474    |
| offset                    | 49.9     |
| opt_steps                 | 1.4e+05  |
| q_bg                      | -15.6    |
| q_o2_a2                   | -15.4    |
| q_o2_eps_greedy           | -15.2    |
| q_o2_max                  | -15.2    |
| q_o2_soft                 | -15.4    |
| q_o2_soft_kl              | -15.4    |
| q_o2_targ                 | -15.4    |
| q_targ                    | -15.6    |
| replay_fill_ratio         | 0.24     |
| replay_size               | 480      |
| reward                    | -0.485   |
| TestAgChangeRatio         | 0        |
| TestBestSuccessRate       | 0        |
| TestFinalDist             | 0.548    |
| TestSuccessRate           | 0        |
| Time                      | 1.47e+03 |
| TimePerSeqRollout         | 4.05     |
| TimePerTrainIter          | 0.00696  |
| TotalTimeSteps            | 2.4e+05  |
| TrainAgChangeRatio        | 0.175    |
| TrainSuccess              | 0        |
----------------------------------------
Epoch 8 eval | final dist 0.548 | success rate 0.000 | best success 0.000
ckpt_name: Dec-16-11-50-38
Epoch 8: Iter (out of 40)= 0 1 2 3 4 5 6 7 8 9 10 11 12 13 14 15 16 17 18 19 20 21 22 23 24 25 26 27 28 29 30 31 32 33 34 35 36 37 38 39
----------------------------------------
| env_steps                 | 2.6e+05  |
| Epoch                     | 8        |
| exp_avg_reward            | 0.616    |
| exp_reward_avg            | 0.693    |
| hdm_gamma                 | 0.3      |
| hdm_gamma_auto            | 0.98     |
| hdm_gamma_zero_point      | 1.01     |
| hdm_q_o1                  | -16.8    |
| hdm_q_o2                  | -16.8    |
| hdm_q_to_minimize         | 0.0132   |
| hdm_weights               | -0.0293  |
| Inner_Test_AgChangeRatio  | 0        |
| Inner_Train_AgChangeRatio | 0.0351   |
| log_hdm_gamma             | -1.2     |
| Loss_hdm                  | -0.00302 |
| Loss_her                  | 0.591    |
| Loss_q                    | 0.588    |
| offset                    | 49.9     |
| opt_steps                 | 1.6e+05  |
| q_bg                      | -16.8    |
| q_o2_a2                   | -16.7    |
| q_o2_eps_greedy           | -16.5    |
| q_o2_max                  | -16.4    |
| q_o2_soft                 | -16.6    |
| q_o2_soft_kl              | -16.6    |
| q_o2_targ                 | -16.7    |
| q_targ                    | -16.8    |
| replay_fill_ratio         | 0.26     |
| replay_size               | 520      |
| reward                    | -0.485   |
| TestAgChangeRatio         | 0        |
| TestBestSuccessRate       | 0        |
| TestFinalDist             | 0.548    |
| TestSuccessRate           | 0        |
| Time                      | 1.66e+03 |
| TimePerSeqRollout         | 4.04     |
| TimePerTrainIter          | 0.00694  |
| TotalTimeSteps            | 2.6e+05  |
| TrainAgChangeRatio        | 0.075    |
| TrainSuccess              | 0        |
----------------------------------------
Epoch 9 eval | final dist 0.548 | success rate 0.000 | best success 0.000
ckpt_name: Dec-16-11-50-38
Epoch 9: Iter (out of 40)= 0 1 2 3 4 5 6 7 8 9 10 11 12 13 14 15 16 17 18 19 20 21 22 23 24 25 26 27 28 29 30 31 32 33 34 35 36 37 38 39
----------------------------------------
| env_steps                 | 2.8e+05  |
| Epoch                     | 9        |
| exp_avg_reward            | 0.616    |
| exp_reward_avg            | 0.693    |
| hdm_gamma                 | 0.3      |
| hdm_gamma_auto            | 0.98     |
| hdm_gamma_zero_point      | 1.01     |
| hdm_q_o1                  | -17.9    |
| hdm_q_o2                  | -18      |
| hdm_q_to_minimize         | 0.0132   |
| hdm_weights               | -0.0297  |
| Inner_Test_AgChangeRatio  | 0        |
| Inner_Train_AgChangeRatio | 0.0393   |
| log_hdm_gamma             | -1.2     |
| Loss_hdm                  | -0.00313 |
| Loss_her                  | 0.68     |
| Loss_q                    | 0.677    |
| offset                    | 49.9     |
| opt_steps                 | 1.8e+05  |
| q_bg                      | -17.9    |
| q_o2_a2                   | -17.8    |
| q_o2_eps_greedy           | -17.6    |
| q_o2_max                  | -17.5    |
| q_o2_soft                 | -17.7    |
| q_o2_soft_kl              | -17.8    |
| q_o2_targ                 | -17.8    |
| q_targ                    | -17.9    |
| replay_fill_ratio         | 0.28     |
| replay_size               | 560      |
| reward                    | -0.485   |
| TestAgChangeRatio         | 0        |
| TestBestSuccessRate       | 0        |
| TestFinalDist             | 0.548    |
| TestSuccessRate           | 0        |
| Time                      | 1.85e+03 |
| TimePerSeqRollout         | 4.03     |
| TimePerTrainIter          | 0.00693  |
| TotalTimeSteps            | 2.8e+05  |
| TrainAgChangeRatio        | 0.1      |
| TrainSuccess              | 0.05     |
----------------------------------------
Epoch 10 eval | final dist 0.548 | success rate 0.000 | best success 0.000
ckpt_name: Dec-16-11-50-38
Epoch 10: Iter (out of 40)= 0 1 2 3 4 5 6 7 8 9 10 11 12 13 14 15 16 17 18 19 20 21 22 23 24 25 26 27 28 29 30 31 32 33 34 35 36 37 38 39
----------------------------------------
| env_steps                 | 3e+05    |
| Epoch                     | 10       |
| exp_avg_reward            | 0.616    |
| exp_reward_avg            | 0.693    |
| hdm_gamma                 | 0.3      |
| hdm_gamma_auto            | 0.98     |
| hdm_gamma_zero_point      | 1        |
| hdm_q_o1                  | -19      |
| hdm_q_o2                  | -19      |
| hdm_q_to_minimize         | 0.0112   |
| hdm_weights               | -0.0305  |
| Inner_Test_AgChangeRatio  | 0        |
| Inner_Train_AgChangeRatio | 0.0443   |
| log_hdm_gamma             | -1.2     |
| Loss_hdm                  | -0.00301 |
| Loss_her                  | 0.778    |
| Loss_q                    | 0.775    |
| offset                    | 49.9     |
| opt_steps                 | 2e+05    |
| q_bg                      | -19      |
| q_o2_a2                   | -18.9    |
| q_o2_eps_greedy           | -18.6    |
| q_o2_max                  | -18.6    |
| q_o2_soft                 | -18.8    |
| q_o2_soft_kl              | -18.8    |
| q_o2_targ                 | -18.9    |
| q_targ                    | -19      |
| replay_fill_ratio         | 0.3      |
| replay_size               | 600      |
| reward                    | -0.485   |
| TestAgChangeRatio         | 0        |
| TestBestSuccessRate       | 0        |
| TestFinalDist             | 0.548    |
| TestSuccessRate           | 0        |
| Time                      | 2.04e+03 |
| TimePerSeqRollout         | 4.01     |
| TimePerTrainIter          | 0.0069   |
| TotalTimeSteps            | 3e+05    |
| TrainAgChangeRatio        | 0.05     |
| TrainSuccess              | 0        |
----------------------------------------
Epoch 11 eval | final dist 0.548 | success rate 0.000 | best success 0.000
ckpt_name: Dec-16-11-50-38
Epoch 11: Iter (out of 40)= 0 1 2 3 4 5 6 7 8 9 10 11 12 13 14 15 16 17 18 19 20 21 22 23 24 25 26 27 28 29 30 31 32 33 34 35 36 37 38 39
----------------------------------------
| env_steps                 | 3.2e+05  |
| Epoch                     | 11       |
| exp_avg_reward            | 0.616    |
| exp_reward_avg            | 0.693    |
| hdm_gamma                 | 0.3      |
| hdm_gamma_auto            | 0.98     |
| hdm_gamma_zero_point      | 0.989    |
| hdm_q_o1                  | -19.9    |
| hdm_q_o2                  | -20      |
| hdm_q_to_minimize         | 0.0073   |
| hdm_weights               | -0.0306  |
| Inner_Test_AgChangeRatio  | 0        |
| Inner_Train_AgChangeRatio | 0.0148   |
| log_hdm_gamma             | -1.2     |
| Loss_hdm                  | -0.00286 |
| Loss_her                  | 0.86     |
| Loss_q                    | 0.857    |
| offset                    | 49.9     |
| opt_steps                 | 2.2e+05  |
| q_bg                      | -19.9    |
| q_o2_a2                   | -19.8    |
| q_o2_eps_greedy           | -19.5    |
| q_o2_max                  | -19.5    |
| q_o2_soft                 | -19.7    |
| q_o2_soft_kl              | -19.7    |
| q_o2_targ                 | -19.8    |
| q_targ                    | -19.9    |
| replay_fill_ratio         | 0.32     |
| replay_size               | 640      |
| reward                    | -0.486   |
| TestAgChangeRatio         | 0        |
| TestBestSuccessRate       | 0        |
| TestFinalDist             | 0.548    |
| TestSuccessRate           | 0        |
| Time                      | 2.23e+03 |
| TimePerSeqRollout         | 4        |
| TimePerTrainIter          | 0.00689  |
| TotalTimeSteps            | 3.2e+05  |
| TrainAgChangeRatio        | 0.05     |
| TrainSuccess              | 0        |
----------------------------------------
Epoch 12 eval | final dist 0.545 | success rate 0.000 | best success 0.000
ckpt_name: Dec-16-11-50-38
Epoch 12: Iter (out of 40)= 0 1 2 3 4 5 6 7 8 9 10 11 12 13 14 15 16 17 18 19 20 21 22 23 24 25 26 27 28 29 30 31 32 33 34 35 36 37 38 39
-----------------------------------------
| env_steps                 | 3.4e+05   |
| Epoch                     | 12        |
| exp_avg_reward            | 0.616     |
| exp_reward_avg            | 0.693     |
| hdm_gamma                 | 0.3       |
| hdm_gamma_auto            | 0.98      |
| hdm_gamma_zero_point      | 0.971     |
| hdm_q_o1                  | -20.8     |
| hdm_q_o2                  | -20.9     |
| hdm_q_to_minimize         | -0.000651 |
| hdm_weights               | -0.0315   |
| Inner_Test_AgChangeRatio  | 0         |
| Inner_Train_AgChangeRatio | 0.0029    |
| log_hdm_gamma             | -1.2      |
| Loss_hdm                  | -0.00227  |
| Loss_her                  | 0.974     |
| Loss_q                    | 0.972     |
| offset                    | 49.9      |
| opt_steps                 | 2.4e+05   |
| q_bg                      | -20.8     |
| q_o2_a2                   | -20.7     |
| q_o2_eps_greedy           | -20.4     |
| q_o2_max                  | -20.4     |
| q_o2_soft                 | -20.6     |
| q_o2_soft_kl              | -20.6     |
| q_o2_targ                 | -20.7     |
| q_targ                    | -20.8     |
| replay_fill_ratio         | 0.34      |
| replay_size               | 680       |
| reward                    | -0.485    |
| TestAgChangeRatio         | 0         |
| TestBestSuccessRate       | 0         |
| TestFinalDist             | 0.545     |
| TestSuccessRate           | 0         |
| Time                      | 2.42e+03  |
| TimePerSeqRollout         | 3.99      |
| TimePerTrainIter          | 0.00687   |
| TotalTimeSteps            | 3.4e+05   |
| TrainAgChangeRatio        | 0.025     |
| TrainSuccess              | 0         |
-----------------------------------------
Epoch 13 eval | final dist 0.548 | success rate 0.000 | best success 0.000
ckpt_name: Dec-16-11-50-38
Epoch 13: Iter (out of 40)= 0 1 2 3 4 5 6 7 8 9 10 11 12 13 14 15 16 17 18 19 20 21 22 23 24 25 26 27 28 29 30 31 32 33 34 35 36 37 38 39
----------------------------------------
| env_steps                 | 3.6e+05  |
| Epoch                     | 13       |
| exp_avg_reward            | 0.615    |
| exp_reward_avg            | 0.693    |
| hdm_gamma                 | 0.3      |
| hdm_gamma_auto            | 0.98     |
| hdm_gamma_zero_point      | 0.967    |
| hdm_q_o1                  | -21.7    |
| hdm_q_o2                  | -21.7    |
| hdm_q_to_minimize         | -0.00715 |
| hdm_weights               | -0.0321  |
| Inner_Test_AgChangeRatio  | 0        |
| Inner_Train_AgChangeRatio | 0.0313   |
| log_hdm_gamma             | -1.2     |
| Loss_hdm                  | -0.00182 |
| Loss_her                  | 1.08     |
| Loss_q                    | 1.08     |
| offset                    | 50       |
| opt_steps                 | 2.6e+05  |
| q_bg                      | -21.7    |
| q_o2_a2                   | -21.6    |
| q_o2_eps_greedy           | -21.3    |
| q_o2_max                  | -21.2    |
| q_o2_soft                 | -21.5    |
| q_o2_soft_kl              | -21.5    |
| q_o2_targ                 | -21.6    |
| q_targ                    | -21.7    |
| replay_fill_ratio         | 0.36     |
| replay_size               | 720      |
| reward                    | -0.486   |
| TestAgChangeRatio         | 0        |
| TestBestSuccessRate       | 0        |
| TestFinalDist             | 0.548    |
| TestSuccessRate           | 0        |
| Time                      | 2.61e+03 |
| TimePerSeqRollout         | 4.01     |
| TimePerTrainIter          | 0.0069   |
| TotalTimeSteps            | 3.6e+05  |
| TrainAgChangeRatio        | 0.125    |
| TrainSuccess              | 0.05     |
----------------------------------------
Epoch 14 eval | final dist 0.546 | success rate 0.000 | best success 0.000
ckpt_name: Dec-16-11-50-38
Epoch 14: Iter (out of 40)= 0 1 2 3 4 5 6 7 8 9 10 11 12 13 14 15 16 17 18 19 20 21 22 23 24 25 26 27 28 29 30 31 32 33 34 35 36 37 38 39
----------------------------------------
| env_steps                 | 3.8e+05  |
| Epoch                     | 14       |
| exp_avg_reward            | 0.616    |
| exp_reward_avg            | 0.693    |
| hdm_gamma                 | 0.3      |
| hdm_gamma_auto            | 0.98     |
| hdm_gamma_zero_point      | 0.97     |
| hdm_q_o1                  | -22.4    |
| hdm_q_o2                  | -22.5    |
| hdm_q_to_minimize         | -0.013   |
| hdm_weights               | -0.0332  |
| Inner_Test_AgChangeRatio  | 0        |
| Inner_Train_AgChangeRatio | 0.0685   |
| log_hdm_gamma             | -1.2     |
| Loss_hdm                  | -0.00106 |
| Loss_her                  | 1.2      |
| Loss_q                    | 1.2      |
| offset                    | 49.9     |
| opt_steps                 | 2.8e+05  |
| q_bg                      | -22.4    |
| q_o2_a2                   | -22.4    |
| q_o2_eps_greedy           | -22      |
| q_o2_max                  | -22      |
| q_o2_soft                 | -22.2    |
| q_o2_soft_kl              | -22.3    |
| q_o2_targ                 | -22.4    |
| q_targ                    | -22.4    |
| replay_fill_ratio         | 0.38     |
| replay_size               | 760      |
| reward                    | -0.486   |
| TestAgChangeRatio         | 0        |
| TestBestSuccessRate       | 0        |
| TestFinalDist             | 0.546    |
| TestSuccessRate           | 0        |
| Time                      | 2.8e+03  |
| TimePerSeqRollout         | 4.04     |
| TimePerTrainIter          | 0.00695  |
| TotalTimeSteps            | 3.8e+05  |
| TrainAgChangeRatio        | 0.1      |
| TrainSuccess              | 0.025    |
----------------------------------------
Epoch 15 eval | final dist 0.548 | success rate 0.000 | best success 0.000
ckpt_name: Dec-16-11-50-38
Epoch 15: Iter (out of 40)= 0 1 2 3 4 5 6 7 8 9 10 11 12 13 14 15 16 17 18 19 20 21 22 23 24 25 26 27 28 29 30 31 32 33 34 35 36 37 38 39
-----------------------------------------
| env_steps                 | 4e+05     |
| Epoch                     | 15        |
| exp_avg_reward            | 0.616     |
| exp_reward_avg            | 0.693     |
| hdm_gamma                 | 0.3       |
| hdm_gamma_auto            | 0.98      |
| hdm_gamma_zero_point      | 0.973     |
| hdm_q_o1                  | -23       |
| hdm_q_o2                  | -23       |
| hdm_q_to_minimize         | -0.0175   |
| hdm_weights               | -0.0344   |
| Inner_Test_AgChangeRatio  | 0         |
| Inner_Train_AgChangeRatio | 0.0509    |
| log_hdm_gamma             | -1.2      |
| Loss_hdm                  | -0.000158 |
| Loss_her                  | 1.33      |
| Loss_q                    | 1.33      |
| offset                    | 49.9      |
| opt_steps                 | 3e+05     |
| q_bg                      | -23       |
| q_o2_a2                   | -22.9     |
| q_o2_eps_greedy           | -22.5     |
| q_o2_max                  | -22.5     |
| q_o2_soft                 | -22.8     |
| q_o2_soft_kl              | -22.8     |
| q_o2_targ                 | -22.9     |
| q_targ                    | -23       |
| replay_fill_ratio         | 0.4       |
| replay_size               | 800       |
| reward                    | -0.485    |
| TestAgChangeRatio         | 0         |
| TestBestSuccessRate       | 0         |
| TestFinalDist             | 0.548     |
| TestSuccessRate           | 0         |
| Time                      | 2.99e+03  |
| TimePerSeqRollout         | 4         |
| TimePerTrainIter          | 0.00691   |
| TotalTimeSteps            | 4e+05     |
| TrainAgChangeRatio        | 0.075     |
| TrainSuccess              | 0         |
-----------------------------------------
Epoch 16 eval | final dist 0.548 | success rate 0.000 | best success 0.000
ckpt_name: Dec-16-11-50-38
Epoch 16: Iter (out of 40)= 0 1 2 3 4 5 6 7 8 9 10 11 12 13 14 15 16 17 18 19 20 21 22 23 24 25 26 27 28 29 30 31 32 33 34 35 36 37 38 39
----------------------------------------
| env_steps                 | 4.2e+05  |
| Epoch                     | 16       |
| exp_avg_reward            | 0.616    |
| exp_reward_avg            | 0.693    |
| hdm_gamma                 | 0.3      |
| hdm_gamma_auto            | 0.98     |
| hdm_gamma_zero_point      | 0.99     |
| hdm_q_o1                  | -23.4    |
| hdm_q_o2                  | -23.5    |
| hdm_q_to_minimize         | -0.0236  |
| hdm_weights               | -0.0366  |
| Inner_Test_AgChangeRatio  | 0        |
| Inner_Train_AgChangeRatio | 0        |
| log_hdm_gamma             | -1.2     |
| Loss_hdm                  | 0.000938 |
| Loss_her                  | 1.5      |
| Loss_q                    | 1.5      |
| offset                    | 49.8     |
| opt_steps                 | 3.2e+05  |
| q_bg                      | -23.4    |
| q_o2_a2                   | -23.4    |
| q_o2_eps_greedy           | -23      |
| q_o2_max                  | -22.9    |
| q_o2_soft                 | -23.2    |
| q_o2_soft_kl              | -23.3    |
| q_o2_targ                 | -23.4    |
| q_targ                    | -23.4    |
| replay_fill_ratio         | 0.42     |
| replay_size               | 840      |
| reward                    | -0.485   |
| TestAgChangeRatio         | 0        |
| TestBestSuccessRate       | 0        |
| TestFinalDist             | 0.548    |
| TestSuccessRate           | 0        |
| Time                      | 3.18e+03 |
| TimePerSeqRollout         | 4        |
| TimePerTrainIter          | 0.0069   |
| TotalTimeSteps            | 4.2e+05  |
| TrainAgChangeRatio        | 0        |
| TrainSuccess              | 0        |
----------------------------------------
