============================================
Job started at: Tue Dec 16 11:49:50 CST 2025
Running on node: qgpu0401
Job ID: 3467121
============================================
Python 3.10.19
Tue Dec 16 11:49:50 2025       
+-----------------------------------------------------------------------------------------+
| NVIDIA-SMI 570.86.15              Driver Version: 570.86.15      CUDA Version: 12.8     |
|-----------------------------------------+------------------------+----------------------+
| GPU  Name                 Persistence-M | Bus-Id          Disp.A | Volatile Uncorr. ECC |
| Fan  Temp   Perf          Pwr:Usage/Cap |           Memory-Usage | GPU-Util  Compute M. |
|                                         |                        |               MIG M. |
|=========================================+========================+======================|
|   0  NVIDIA A100-PCIE-40GB          On  |   00000000:06:00.0 Off |                    0 |
| N/A   25C    P0             31W /  250W |       1MiB /  40960MiB |      0%      Default |
|                                         |                        |             Disabled |
+-----------------------------------------+------------------------+----------------------+
                                                                                         
+-----------------------------------------------------------------------------------------+
| Processes:                                                                              |
|  GPU   GI   CI              PID   Type   Process name                        GPU Memory |
|        ID   ID                                                               Usage      |
|=========================================================================================|
|  No running processes found                                                             |
+-----------------------------------------------------------------------------------------+
============================================
✅ Using modern MuJoCo environments (no compilation needed!)
Using CUDA ..
{'goal_threshold': 0.45, 'max_timesteps': 1000000.0, 'eval_freq': 10000, 'eval_episodes': 50, 'max_trajectory_length': 600}
Initializing IndependentDiscretePolicy ...
replay_size: 1666
Logging to experiments/pointmaze_medium/Dec-16-11-49-55
[36;1mSaving config:
[0m
{
    "goal_threshold":	0.45,
    "max_timesteps":	1000000.0,
    "eval_freq":	10000,
    "eval_episodes":	50,
    "max_trajectory_length":	600,
    "obs_dim":	4,
    "goal_dim":	2,
    "independent_policy":	true,
    "action_space.n":	9,
    "action_space.n_dims":	2,
    "action_space.granularity":	3,
    "env_name":	"pointmaze_medium",
    "seed":	0,
    "save_dir":	"experiments/",
    "ckpt_name":	"Dec-16-11-49-55",
    "resume_ckpt":	"",
    "n_workers":	1,
    "num_rollouts_per_mpi":	1,
    "n_cycles":	40,
    "optimize_every":	50,
    "n_batches":	50,
    "target_update_freq":	10,
    "greedy_action":	true,
    "random_act_prob":	0.1,
    "buffer_size":	1000000,
    "future_p":	0.85,
    "next_state_p":	0.2,
    "relabeled_reward_only":	true,
    "batch_size":	256,
    "lr_actor":	0.0005,
    "start_policy_timesteps":	1000,
    "n_initial_rollouts":	200,
    "n_test_rollouts":	50,
    "gamma":	0.98,
    "polyak":	0.995,
    "use_dqn":	true,
    "double_dqn":	true,
    "backup_strategy":	"q_max",
    "backup_temp":	1.0,
    "backup_epsilon":	0.1,
    "reward_scale":	1.0,
    "reward_bias":	-1.0,
    "targ_clip":	true,
    "hdm_gamma":	0.85,
    "hdm_weights_min":	-5.0,
    "hdm_weights_max":	5.0,
    "hdm_q_coef":	1.0,
    "hdm_q_normalizer":	false,
    "hdm_online_o2":	true,
    "hdm_backup_strategy":	"act_2",
    "hdm_bc":	true,
    "hdm_weights_to_indicator":	true,
    "hdm_gamma_use_auto":	false,
    "hdm_weights_relabel_mask":	false,
    "NUM_MPI":	1
}
Epoch 1 eval | final dist 3.249 | success rate 0.060 | best success 0.060
ckpt_name: Dec-16-11-49-55
Epoch 1: Iter (out of 40)= 0 1 2 3 4 5 6 7 8 9 10 11 12 13 14 15 16 17 18 19 20 21 22 23 24 25 26 27 28 29 30 31 32 33 34 35 36 37 38 39
----------------------------------------
| env_steps                 | 1.44e+05 |
| Epoch                     | 1        |
| exp_avg_reward            | 0.44     |
| exp_reward_avg            | 0.481    |
| hdm_gamma                 | 0.85     |
| hdm_gamma_auto            | 0.992    |
| hdm_gamma_zero_point      | 1.06     |
| hdm_q_o1                  | -4.9     |
| hdm_q_o2                  | -4.9     |
| hdm_q_to_minimize         | -0.00128 |
| hdm_weights               | -0.072   |
| Inner_Test_AgChangeRatio  | 0.963    |
| Inner_Train_AgChangeRatio | 0.98     |
| log_hdm_gamma             | -0.163   |
| Loss_hdm                  | 0.000419 |
| Loss_her                  | 0.0454   |
| Loss_q                    | 0.0458   |
| offset                    | 120      |
| opt_steps                 | 2.4e+04  |
| q_bg                      | -4.9     |
| q_o2_a2                   | -4.17    |
| q_o2_eps_greedy           | -4.12    |
| q_o2_max                  | -4.11    |
| q_o2_soft                 | -4.17    |
| q_o2_soft_kl              | -4.17    |
| q_o2_targ                 | -4.17    |
| q_targ                    | -4.91    |
| replay_fill_ratio         | 0.144    |
| replay_size               | 240      |
| reward                    | -0.822   |
| TestAgChangeRatio         | 0.96     |
| TestBestSuccessRate       | 0.06     |
| TestFinalDist             | 3.25     |
| TestSuccessRate           | 0.06     |
| Time                      | 312      |
| TimePerSeqRollout         | 4.39     |
| TimePerTrainIter          | 0.00668  |
| TotalTimeSteps            | 1.44e+05 |
| TrainAgChangeRatio        | 0.975    |
| TrainSuccess              | 0.0208   |
----------------------------------------
Epoch 2 eval | final dist 3.890 | success rate 0.040 | best success 0.060
ckpt_name: Dec-16-11-49-55
Epoch 2: Iter (out of 40)= 0 1 2 3 4 5 6 7 8 9 10 11 12 13 14 15 16 17 18 19 20 21 22 23 24 25 26 27 28 29 30 31 32 33 34 35 36 37 38 39
-----------------------------------------
| env_steps                 | 1.68e+05  |
| Epoch                     | 2         |
| exp_avg_reward            | 0.44      |
| exp_reward_avg            | 0.48      |
| hdm_gamma                 | 0.85      |
| hdm_gamma_auto            | 0.992     |
| hdm_gamma_zero_point      | 0.347     |
| hdm_q_o1                  | -12.4     |
| hdm_q_o2                  | -12.5     |
| hdm_q_to_minimize         | 0.00251   |
| hdm_weights               | -0.156    |
| Inner_Test_AgChangeRatio  | 0.932     |
| Inner_Train_AgChangeRatio | 0.988     |
| log_hdm_gamma             | -0.163    |
| Loss_hdm                  | -0.000629 |
| Loss_her                  | 0.123     |
| Loss_q                    | 0.122     |
| offset                    | 120       |
| opt_steps                 | 4.8e+04   |
| q_bg                      | -12.4     |
| q_o2_a2                   | -11.8     |
| q_o2_eps_greedy           | -11.7     |
| q_o2_max                  | -11.7     |
| q_o2_soft                 | -11.8     |
| q_o2_soft_kl              | -11.8     |
| q_o2_targ                 | -11.8     |
| q_targ                    | -12.4     |
| replay_fill_ratio         | 0.168     |
| replay_size               | 280       |
| reward                    | -0.822    |
| TestAgChangeRatio         | 0.94      |
| TestBestSuccessRate       | 0.06      |
| TestFinalDist             | 3.89      |
| TestSuccessRate           | 0.04      |
| Time                      | 503       |
| TimePerSeqRollout         | 4.33      |
| TimePerTrainIter          | 0.00659   |
| TotalTimeSteps            | 1.68e+05  |
| TrainAgChangeRatio        | 0.975     |
| TrainSuccess              | 0.125     |
-----------------------------------------
Epoch 3 eval | final dist 4.193 | success rate 0.000 | best success 0.060
ckpt_name: Dec-16-11-49-55
Epoch 3: Iter (out of 40)= 0 1 2 3 4 5 6 7 8 9 10 11 12 13 14 15 16 17 18 19 20 21 22 23 24 25 26 27 28 29 30 31 32 33 34 35 36 37 38 39
----------------------------------------
| env_steps                 | 1.92e+05 |
| Epoch                     | 3        |
| exp_avg_reward            | 0.44     |
| exp_reward_avg            | 0.48     |
| hdm_gamma                 | 0.85     |
| hdm_gamma_auto            | 0.992    |
| hdm_gamma_zero_point      | 0.00379  |
| hdm_q_o1                  | -19.4    |
| hdm_q_o2                  | -19.6    |
| hdm_q_to_minimize         | -0.0159  |
| hdm_weights               | -0.196   |
| Inner_Test_AgChangeRatio  | 0.998    |
| Inner_Train_AgChangeRatio | 0.977    |
| log_hdm_gamma             | -0.163   |
| Loss_hdm                  | 0.000864 |
| Loss_her                  | 0.273    |
| Loss_q                    | 0.274    |
| offset                    | 120      |
| opt_steps                 | 7.2e+04  |
| q_bg                      | -19.4    |
| q_o2_a2                   | -19      |
| q_o2_eps_greedy           | -18.6    |
| q_o2_max                  | -18.6    |
| q_o2_soft                 | -18.8    |
| q_o2_soft_kl              | -18.9    |
| q_o2_targ                 | -19      |
| q_targ                    | -19.4    |
| replay_fill_ratio         | 0.192    |
| replay_size               | 320      |
| reward                    | -0.822   |
| TestAgChangeRatio         | 1        |
| TestBestSuccessRate       | 0.06     |
| TestFinalDist             | 4.19     |
| TestSuccessRate           | 0        |
| Time                      | 693      |
| TimePerSeqRollout         | 4.3      |
| TimePerTrainIter          | 0.00654  |
| TotalTimeSteps            | 1.92e+05 |
| TrainAgChangeRatio        | 0.975    |
| TrainSuccess              | 0.1      |
----------------------------------------
Epoch 4 eval | final dist 4.128 | success rate 0.020 | best success 0.060
ckpt_name: Dec-16-11-49-55
Epoch 4: Iter (out of 40)= 0 1 2 3 4 5 6 7 8 9 10 11 12 13 14 15 16 17 18 19 20 21 22 23 24 25 26 27 28 29 30 31 32 33 34 35 36 37 38 39
----------------------------------------
| env_steps                 | 2.16e+05 |
| Epoch                     | 4        |
| exp_avg_reward            | 0.44     |
| exp_reward_avg            | 0.48     |
| hdm_gamma                 | 0.85     |
| hdm_gamma_auto            | 0.992    |
| hdm_gamma_zero_point      | 9.13e-06 |
| hdm_q_o1                  | -26      |
| hdm_q_o2                  | -26.2    |
| hdm_q_to_minimize         | -0.0371  |
| hdm_weights               | -0.207   |
| Inner_Test_AgChangeRatio  | 0.996    |
| Inner_Train_AgChangeRatio | 0.99     |
| log_hdm_gamma             | -0.163   |
| Loss_hdm                  | 0.00529  |
| Loss_her                  | 0.38     |
| Loss_q                    | 0.385    |
| offset                    | 120      |
| opt_steps                 | 9.6e+04  |
| q_bg                      | -26      |
| q_o2_a2                   | -25.7    |
| q_o2_eps_greedy           | -25.2    |
| q_o2_max                  | -25.2    |
| q_o2_soft                 | -25.5    |
| q_o2_soft_kl              | -25.5    |
| q_o2_targ                 | -25.7    |
| q_targ                    | -26      |
| replay_fill_ratio         | 0.216    |
| replay_size               | 360      |
| reward                    | -0.822   |
| TestAgChangeRatio         | 1        |
| TestBestSuccessRate       | 0.06     |
| TestFinalDist             | 4.13     |
| TestSuccessRate           | 0.02     |
| Time                      | 883      |
| TimePerSeqRollout         | 4.29     |
| TimePerTrainIter          | 0.00653  |
| TotalTimeSteps            | 2.16e+05 |
| TrainAgChangeRatio        | 0.975    |
| TrainSuccess              | 0.175    |
----------------------------------------
Epoch 5 eval | final dist 3.655 | success rate 0.000 | best success 0.060
ckpt_name: Dec-16-11-49-55
Epoch 5: Iter (out of 40)= 0 1 2 3 4 5 6 7 8 9 10 11 12 13 14 15 16 17 18 19 20 21 22 23 24 25 26 27 28 29 30 31 32 33 34 35 36 37 38 39
----------------------------------------
| env_steps                 | 2.4e+05  |
| Epoch                     | 5        |
| exp_avg_reward            | 0.44     |
| exp_reward_avg            | 0.48     |
| hdm_gamma                 | 0.85     |
| hdm_gamma_auto            | 0.992    |
| hdm_gamma_zero_point      | 1.24e-07 |
| hdm_q_o1                  | -31.1    |
| hdm_q_o2                  | -31.2    |
| hdm_q_to_minimize         | -0.0288  |
| hdm_weights               | -0.232   |
| Inner_Test_AgChangeRatio  | 0.976    |
| Inner_Train_AgChangeRatio | 0.968    |
| log_hdm_gamma             | -0.163   |
| Loss_hdm                  | 0.0077   |
| Loss_her                  | 0.389    |
| Loss_q                    | 0.396    |
| offset                    | 120      |
| opt_steps                 | 1.2e+05  |
| q_bg                      | -31.1    |
| q_o2_a2                   | -30.8    |
| q_o2_eps_greedy           | -30.4    |
| q_o2_max                  | -30.4    |
| q_o2_soft                 | -30.7    |
| q_o2_soft_kl              | -30.7    |
| q_o2_targ                 | -30.8    |
| q_targ                    | -31.1    |
| replay_fill_ratio         | 0.24     |
| replay_size               | 400      |
| reward                    | -0.822   |
| TestAgChangeRatio         | 0.98     |
| TestBestSuccessRate       | 0.06     |
| TestFinalDist             | 3.66     |
| TestSuccessRate           | 0        |
| Time                      | 1.07e+03 |
| TimePerSeqRollout         | 4.26     |
| TimePerTrainIter          | 0.00648  |
| TotalTimeSteps            | 2.4e+05  |
| TrainAgChangeRatio        | 0.95     |
| TrainSuccess              | 0        |
----------------------------------------
Epoch 6 eval | final dist 3.201 | success rate 0.040 | best success 0.060
ckpt_name: Dec-16-11-49-55
Epoch 6: Iter (out of 40)= 0 1 2 3 4 5 6 7 8 9 10 11 12 13 14 15 16 17 18 19 20 21 22 23 24 25 26 27 28 29 30 31 32 33 34 35 36 37 38 39
----------------------------------------
| env_steps                 | 2.64e+05 |
| Epoch                     | 6        |
| exp_avg_reward            | 0.44     |
| exp_reward_avg            | 0.48     |
| hdm_gamma                 | 0.85     |
| hdm_gamma_auto            | 0.992    |
| hdm_gamma_zero_point      | 8.98e-09 |
| hdm_q_o1                  | -34.6    |
| hdm_q_o2                  | -34.8    |
| hdm_q_to_minimize         | -0.0223  |
| hdm_weights               | -0.251   |
| Inner_Test_AgChangeRatio  | 0.944    |
| Inner_Train_AgChangeRatio | 0.995    |
| log_hdm_gamma             | -0.163   |
| Loss_hdm                  | 0.00815  |
| Loss_her                  | 0.399    |
| Loss_q                    | 0.407    |
| offset                    | 120      |
| opt_steps                 | 1.44e+05 |
| q_bg                      | -34.6    |
| q_o2_a2                   | -34.5    |
| q_o2_eps_greedy           | -34.1    |
| q_o2_max                  | -34.1    |
| q_o2_soft                 | -34.4    |
| q_o2_soft_kl              | -34.4    |
| q_o2_targ                 | -34.5    |
| q_targ                    | -34.6    |
| replay_fill_ratio         | 0.264    |
| replay_size               | 440      |
| reward                    | -0.822   |
| TestAgChangeRatio         | 0.94     |
| TestBestSuccessRate       | 0.06     |
| TestFinalDist             | 3.2      |
| TestSuccessRate           | 0.04     |
| Time                      | 1.26e+03 |
| TimePerSeqRollout         | 4.25     |
| TimePerTrainIter          | 0.00646  |
| TotalTimeSteps            | 2.64e+05 |
| TrainAgChangeRatio        | 1        |
| TrainSuccess              | 0.025    |
----------------------------------------
Epoch 7 eval | final dist 3.158 | success rate 0.040 | best success 0.060
ckpt_name: Dec-16-11-49-55
Epoch 7: Iter (out of 40)= 0 1 2 3 4 5 6 7 8 9 10 11 12 13 14 15 16 17 18 19 20 21 22 23 24 25 26 27 28 29 30 31 32 33 34 35 36 37 38 39
----------------------------------------
| env_steps                 | 2.88e+05 |
| Epoch                     | 7        |
| exp_avg_reward            | 0.44     |
| exp_reward_avg            | 0.48     |
| hdm_gamma                 | 0.85     |
| hdm_gamma_auto            | 0.992    |
| hdm_gamma_zero_point      | 1.53e-09 |
| hdm_q_o1                  | -37.2    |
| hdm_q_o2                  | -37.4    |
| hdm_q_to_minimize         | -0.0116  |
| hdm_weights               | -0.247   |
| Inner_Test_AgChangeRatio  | 0.995    |
| Inner_Train_AgChangeRatio | 0.989    |
| log_hdm_gamma             | -0.163   |
| Loss_hdm                  | 0.00593  |
| Loss_her                  | 0.404    |
| Loss_q                    | 0.41     |
| offset                    | 120      |
| opt_steps                 | 1.68e+05 |
| q_bg                      | -37.2    |
| q_o2_a2                   | -37.1    |
| q_o2_eps_greedy           | -36.8    |
| q_o2_max                  | -36.8    |
| q_o2_soft                 | -37      |
| q_o2_soft_kl              | -37.1    |
| q_o2_targ                 | -37.1    |
| q_targ                    | -37.2    |
| replay_fill_ratio         | 0.288    |
| replay_size               | 480      |
| reward                    | -0.822   |
| TestAgChangeRatio         | 1        |
| TestBestSuccessRate       | 0.06     |
| TestFinalDist             | 3.16     |
| TestSuccessRate           | 0.04     |
| Time                      | 1.45e+03 |
| TimePerSeqRollout         | 4.23     |
| TimePerTrainIter          | 0.00644  |
| TotalTimeSteps            | 2.88e+05 |
| TrainAgChangeRatio        | 0.975    |
| TrainSuccess              | 0.05     |
----------------------------------------
Epoch 8 eval | final dist 3.548 | success rate 0.040 | best success 0.060
ckpt_name: Dec-16-11-49-55
Epoch 8: Iter (out of 40)= 0 1 2 3 4 5 6 7 8 9 10 11 12 13 14 15 16 17 18 19 20 21 22 23 24 25 26 27 28 29 30 31 32 33 34 35 36 37 38 39
----------------------------------------
| env_steps                 | 3.12e+05 |
| Epoch                     | 8        |
| exp_avg_reward            | 0.44     |
| exp_reward_avg            | 0.48     |
| hdm_gamma                 | 0.85     |
| hdm_gamma_auto            | 0.992    |
| hdm_gamma_zero_point      | 3.7e-10  |
| hdm_q_o1                  | -39.4    |
| hdm_q_o2                  | -39.6    |
| hdm_q_to_minimize         | -0.00393 |
| hdm_weights               | -0.23    |
| Inner_Test_AgChangeRatio  | 0.979    |
| Inner_Train_AgChangeRatio | 0.981    |
| log_hdm_gamma             | -0.163   |
| Loss_hdm                  | 0.00363  |
| Loss_her                  | 0.427    |
| Loss_q                    | 0.43     |
| offset                    | 120      |
| opt_steps                 | 1.92e+05 |
| q_bg                      | -39.4    |
| q_o2_a2                   | -39.4    |
| q_o2_eps_greedy           | -39      |
| q_o2_max                  | -39      |
| q_o2_soft                 | -39.2    |
| q_o2_soft_kl              | -39.3    |
| q_o2_targ                 | -39.4    |
| q_targ                    | -39.4    |
| replay_fill_ratio         | 0.312    |
| replay_size               | 520      |
| reward                    | -0.822   |
| TestAgChangeRatio         | 1        |
| TestBestSuccessRate       | 0.06     |
| TestFinalDist             | 3.55     |
| TestSuccessRate           | 0.04     |
| Time                      | 1.63e+03 |
| TimePerSeqRollout         | 4.28     |
| TimePerTrainIter          | 0.00651  |
| TotalTimeSteps            | 3.12e+05 |
| TrainAgChangeRatio        | 0.975    |
| TrainSuccess              | 0.05     |
----------------------------------------
Epoch 9 eval | final dist 3.105 | success rate 0.060 | best success 0.060
ckpt_name: Dec-16-11-49-55
Epoch 9: Iter (out of 40)= 0 1 2 3 4 5 6 7 8 9 10 11 12 13 14 15 16 17 18 19 20 21 22 23 24 25 26 27 28 29 30 31 32 33 34 35 36 37 38 39
----------------------------------------
| env_steps                 | 3.36e+05 |
| Epoch                     | 9        |
| exp_avg_reward            | 0.44     |
| exp_reward_avg            | 0.481    |
| hdm_gamma                 | 0.85     |
| hdm_gamma_auto            | 0.992    |
| hdm_gamma_zero_point      | 1.3e-10  |
| hdm_q_o1                  | -41.3    |
| hdm_q_o2                  | -41.5    |
| hdm_q_to_minimize         | -0.00371 |
| hdm_weights               | -0.228   |
| Inner_Test_AgChangeRatio  | 0.99     |
| Inner_Train_AgChangeRatio | 0.953    |
| log_hdm_gamma             | -0.163   |
| Loss_hdm                  | 0.00332  |
| Loss_her                  | 0.466    |
| Loss_q                    | 0.469    |
| offset                    | 120      |
| opt_steps                 | 2.16e+05 |
| q_bg                      | -41.3    |
| q_o2_a2                   | -41.3    |
| q_o2_eps_greedy           | -40.9    |
| q_o2_max                  | -40.9    |
| q_o2_soft                 | -41.1    |
| q_o2_soft_kl              | -41.2    |
| q_o2_targ                 | -41.3    |
| q_targ                    | -41.3    |
| replay_fill_ratio         | 0.336    |
| replay_size               | 560      |
| reward                    | -0.822   |
| TestAgChangeRatio         | 1        |
| TestBestSuccessRate       | 0.06     |
| TestFinalDist             | 3.1      |
| TestSuccessRate           | 0.06     |
| Time                      | 1.82e+03 |
| TimePerSeqRollout         | 4.28     |
| TimePerTrainIter          | 0.00651  |
| TotalTimeSteps            | 3.36e+05 |
| TrainAgChangeRatio        | 0.95     |
| TrainSuccess              | 0.05     |
----------------------------------------
Epoch 10 eval | final dist 3.747 | success rate 0.040 | best success 0.060
ckpt_name: Dec-16-11-49-55
Epoch 10: Iter (out of 40)= 0 1 2 3 4 5 6 7 8 9 10 11 12 13 14 15 16 17 18 19 20 21 22 23 24 25 26 27 28 29 30 31 32 33 34 35 36 37 38 39
----------------------------------------
| env_steps                 | 3.6e+05  |
| Epoch                     | 10       |
| exp_avg_reward            | 0.44     |
| exp_reward_avg            | 0.48     |
| hdm_gamma                 | 0.85     |
| hdm_gamma_auto            | 0.992    |
| hdm_gamma_zero_point      | 1.33e-10 |
| hdm_q_o1                  | -42.8    |
| hdm_q_o2                  | -43      |
| hdm_q_to_minimize         | -0.0132  |
| hdm_weights               | -0.236   |
| Inner_Test_AgChangeRatio  | 0.99     |
| Inner_Train_AgChangeRatio | 0.986    |
| log_hdm_gamma             | -0.163   |
| Loss_hdm                  | 0.00467  |
| Loss_her                  | 0.519    |
| Loss_q                    | 0.523    |
| offset                    | 120      |
| opt_steps                 | 2.4e+05  |
| q_bg                      | -42.8    |
| q_o2_a2                   | -42.8    |
| q_o2_eps_greedy           | -42.4    |
| q_o2_max                  | -42.4    |
| q_o2_soft                 | -42.6    |
| q_o2_soft_kl              | -42.7    |
| q_o2_targ                 | -42.8    |
| q_targ                    | -42.8    |
| replay_fill_ratio         | 0.36     |
| replay_size               | 600      |
| reward                    | -0.822   |
| TestAgChangeRatio         | 1        |
| TestBestSuccessRate       | 0.06     |
| TestFinalDist             | 3.75     |
| TestSuccessRate           | 0.04     |
| Time                      | 2.01e+03 |
| TimePerSeqRollout         | 4.22     |
| TimePerTrainIter          | 0.00642  |
| TotalTimeSteps            | 3.6e+05  |
| TrainAgChangeRatio        | 1        |
| TrainSuccess              | 0.025    |
----------------------------------------
Epoch 11 eval | final dist 3.284 | success rate 0.060 | best success 0.060
ckpt_name: Dec-16-11-49-55
Epoch 11: Iter (out of 40)= 0 1 2 3 4 5 6 7 8 9 10 11 12 13 14 15 16 17 18 19 20 21 22 23 24 25 26 27 28 29 30 31 32 33 34 35 36 37 38 39
----------------------------------------
| env_steps                 | 3.84e+05 |
| Epoch                     | 11       |
| exp_avg_reward            | 0.44     |
| exp_reward_avg            | 0.48     |
| hdm_gamma                 | 0.85     |
| hdm_gamma_auto            | 0.992    |
| hdm_gamma_zero_point      | 7.73e-10 |
| hdm_q_o1                  | -44      |
| hdm_q_o2                  | -44.2    |
| hdm_q_to_minimize         | -0.0242  |
| hdm_weights               | -0.237   |
| Inner_Test_AgChangeRatio  | 0.988    |
| Inner_Train_AgChangeRatio | 0.992    |
| log_hdm_gamma             | -0.163   |
| Loss_hdm                  | 0.0071   |
| Loss_her                  | 0.594    |
| Loss_q                    | 0.601    |
| offset                    | 120      |
| opt_steps                 | 2.64e+05 |
| q_bg                      | -44      |
| q_o2_a2                   | -44.1    |
| q_o2_eps_greedy           | -43.6    |
| q_o2_max                  | -43.6    |
| q_o2_soft                 | -43.9    |
| q_o2_soft_kl              | -44      |
| q_o2_targ                 | -44.1    |
| q_targ                    | -44      |
| replay_fill_ratio         | 0.384    |
| replay_size               | 640      |
| reward                    | -0.822   |
| TestAgChangeRatio         | 1        |
| TestBestSuccessRate       | 0.06     |
| TestFinalDist             | 3.28     |
| TestSuccessRate           | 0.06     |
| Time                      | 2.2e+03  |
| TimePerSeqRollout         | 4.22     |
| TimePerTrainIter          | 0.0064   |
| TotalTimeSteps            | 3.84e+05 |
| TrainAgChangeRatio        | 1        |
| TrainSuccess              | 0.05     |
----------------------------------------
Epoch 12 eval | final dist 3.252 | success rate 0.040 | best success 0.060
ckpt_name: Dec-16-11-49-55
Epoch 12: Iter (out of 40)= 0 1 2 3 4 5 6 7 8 9 10 11 12 13 14 15 16 17 18 19 20 21 22 23 24 25 26 27 28 29 30 31 32 33 34 35 36 37 38 39
----------------------------------------
| env_steps                 | 4.08e+05 |
| Epoch                     | 12       |
| exp_avg_reward            | 0.44     |
| exp_reward_avg            | 0.48     |
| hdm_gamma                 | 0.85     |
| hdm_gamma_auto            | 0.992    |
| hdm_gamma_zero_point      | 6.41e-09 |
| hdm_q_o1                  | -45.1    |
| hdm_q_o2                  | -45.3    |
| hdm_q_to_minimize         | -0.0373  |
| hdm_weights               | -0.245   |
| Inner_Test_AgChangeRatio  | 0.996    |
| Inner_Train_AgChangeRatio | 0.97     |
| log_hdm_gamma             | -0.163   |
| Loss_hdm                  | 0.0108   |
| Loss_her                  | 0.677    |
| Loss_q                    | 0.688    |
| offset                    | 120      |
| opt_steps                 | 2.88e+05 |
| q_bg                      | -45.1    |
| q_o2_a2                   | -45.2    |
| q_o2_eps_greedy           | -44.7    |
| q_o2_max                  | -44.7    |
| q_o2_soft                 | -45      |
| q_o2_soft_kl              | -45.1    |
| q_o2_targ                 | -45.2    |
| q_targ                    | -45.1    |
| replay_fill_ratio         | 0.408    |
| replay_size               | 680      |
| reward                    | -0.822   |
| TestAgChangeRatio         | 1        |
| TestBestSuccessRate       | 0.06     |
| TestFinalDist             | 3.25     |
| TestSuccessRate           | 0.04     |
| Time                      | 2.38e+03 |
| TimePerSeqRollout         | 4.23     |
| TimePerTrainIter          | 0.00644  |
| TotalTimeSteps            | 4.08e+05 |
| TrainAgChangeRatio        | 0.975    |
| TrainSuccess              | 0.025    |
----------------------------------------
Epoch 13 eval | final dist 2.969 | success rate 0.060 | best success 0.060
ckpt_name: Dec-16-11-49-55
Epoch 13: Iter (out of 40)= 0 1 2 3 4 5 6 7 8 9 10 11 12 13 14 15 16 17 18 19 20 21 22 23 24 25 26 27 28 29 30 31 32 33 34 35 36 37 38 39
----------------------------------------
| env_steps                 | 4.32e+05 |
| Epoch                     | 13       |
| exp_avg_reward            | 0.44     |
| exp_reward_avg            | 0.48     |
| hdm_gamma                 | 0.85     |
| hdm_gamma_auto            | 0.992    |
| hdm_gamma_zero_point      | 3.02e-08 |
| hdm_q_o1                  | -45.9    |
| hdm_q_o2                  | -46.1    |
| hdm_q_to_minimize         | -0.0503  |
| hdm_weights               | -0.255   |
| Inner_Test_AgChangeRatio  | 0.99     |
| Inner_Train_AgChangeRatio | 0.947    |
| log_hdm_gamma             | -0.163   |
| Loss_hdm                  | 0.0155   |
| Loss_her                  | 0.747    |
| Loss_q                    | 0.762    |
| offset                    | 120      |
| opt_steps                 | 3.12e+05 |
| q_bg                      | -45.9    |
| q_o2_a2                   | -46      |
| q_o2_eps_greedy           | -45.5    |
| q_o2_max                  | -45.5    |
| q_o2_soft                 | -45.8    |
| q_o2_soft_kl              | -45.9    |
| q_o2_targ                 | -46      |
| q_targ                    | -45.9    |
| replay_fill_ratio         | 0.432    |
| replay_size               | 720      |
| reward                    | -0.822   |
| TestAgChangeRatio         | 1        |
| TestBestSuccessRate       | 0.06     |
| TestFinalDist             | 2.97     |
| TestSuccessRate           | 0.06     |
| Time                      | 2.57e+03 |
| TimePerSeqRollout         | 4.24     |
| TimePerTrainIter          | 0.00644  |
| TotalTimeSteps            | 4.32e+05 |
| TrainAgChangeRatio        | 0.975    |
| TrainSuccess              | 0.025    |
----------------------------------------
Epoch 14 eval | final dist 3.771 | success rate 0.020 | best success 0.060
ckpt_name: Dec-16-11-49-55
Epoch 14: Iter (out of 40)= 0 1 2 3 4 5 6 7 8 9 10 11 12 13 14 15 16 17 18 19 20 21 22 23 24 25 26 27 28 29 30 31 32 33 34 35 36 37 38 39
----------------------------------------
| env_steps                 | 4.56e+05 |
| Epoch                     | 14       |
| exp_avg_reward            | 0.44     |
| exp_reward_avg            | 0.48     |
| hdm_gamma                 | 0.85     |
| hdm_gamma_auto            | 0.992    |
| hdm_gamma_zero_point      | 1.5e-07  |
| hdm_q_o1                  | -46.6    |
| hdm_q_o2                  | -46.7    |
| hdm_q_to_minimize         | -0.0605  |
| hdm_weights               | -0.259   |
| Inner_Test_AgChangeRatio  | 0.973    |
| Inner_Train_AgChangeRatio | 0.987    |
| log_hdm_gamma             | -0.163   |
| Loss_hdm                  | 0.0197   |
| Loss_her                  | 0.764    |
| Loss_q                    | 0.783    |
| offset                    | 120      |
| opt_steps                 | 3.36e+05 |
| q_bg                      | -46.6    |
| q_o2_a2                   | -46.7    |
| q_o2_eps_greedy           | -46.2    |
| q_o2_max                  | -46.1    |
| q_o2_soft                 | -46.4    |
| q_o2_soft_kl              | -46.5    |
| q_o2_targ                 | -46.7    |
| q_targ                    | -46.6    |
| replay_fill_ratio         | 0.456    |
| replay_size               | 760      |
| reward                    | -0.822   |
| TestAgChangeRatio         | 0.98     |
| TestBestSuccessRate       | 0.06     |
| TestFinalDist             | 3.77     |
| TestSuccessRate           | 0.02     |
| Time                      | 2.76e+03 |
| TimePerSeqRollout         | 4.2      |
| TimePerTrainIter          | 0.00638  |
| TotalTimeSteps            | 4.56e+05 |
| TrainAgChangeRatio        | 1        |
| TrainSuccess              | 0.075    |
----------------------------------------
Epoch 15 eval | final dist 3.092 | success rate 0.060 | best success 0.060
ckpt_name: Dec-16-11-49-55
Epoch 15: Iter (out of 40)= 0 1 2 3 4 5 6 7 8 9 10 11 12 13 14 15 16 17 18 19 20 21 22 23 24 25 26 27 28 29 30 31 32 33 34 35 36 37 38 39
----------------------------------------
| env_steps                 | 4.8e+05  |
| Epoch                     | 15       |
| exp_avg_reward            | 0.44     |
| exp_reward_avg            | 0.48     |
| hdm_gamma                 | 0.85     |
| hdm_gamma_auto            | 0.992    |
| hdm_gamma_zero_point      | 7.72e-07 |
| hdm_q_o1                  | -47      |
| hdm_q_o2                  | -47.2    |
| hdm_q_to_minimize         | -0.0498  |
| hdm_weights               | -0.253   |
| Inner_Test_AgChangeRatio  | 0.984    |
| Inner_Train_AgChangeRatio | 0.983    |
| log_hdm_gamma             | -0.163   |
| Loss_hdm                  | 0.0192   |
| Loss_her                  | 0.748    |
| Loss_q                    | 0.767    |
| offset                    | 120      |
| opt_steps                 | 3.6e+05  |
| q_bg                      | -47      |
| q_o2_a2                   | -47.1    |
| q_o2_eps_greedy           | -46.7    |
| q_o2_max                  | -46.6    |
| q_o2_soft                 | -46.9    |
| q_o2_soft_kl              | -47      |
| q_o2_targ                 | -47.1    |
| q_targ                    | -47      |
| replay_fill_ratio         | 0.48     |
| replay_size               | 800      |
| reward                    | -0.822   |
| TestAgChangeRatio         | 0.98     |
| TestBestSuccessRate       | 0.06     |
| TestFinalDist             | 3.09     |
| TestSuccessRate           | 0.06     |
| Time                      | 2.94e+03 |
| TimePerSeqRollout         | 4.24     |
| TimePerTrainIter          | 0.00645  |
| TotalTimeSteps            | 4.8e+05  |
| TrainAgChangeRatio        | 1        |
| TrainSuccess              | 0.025    |
----------------------------------------
Epoch 16 eval | final dist 4.198 | success rate 0.040 | best success 0.060
ckpt_name: Dec-16-11-49-55
Epoch 16: Iter (out of 40)= 0 1 2 3 4 5 6 7 8 9 10 11 12 13 14 15 16 17 18 19 20 21 22 23 24 25 26 27 28 29 30 31 32 33 34 35 36 37 38 39
----------------------------------------
| env_steps                 | 5.04e+05 |
| Epoch                     | 16       |
| exp_avg_reward            | 0.44     |
| exp_reward_avg            | 0.48     |
| hdm_gamma                 | 0.85     |
| hdm_gamma_auto            | 0.992    |
| hdm_gamma_zero_point      | 1.78e-06 |
| hdm_q_o1                  | -47.4    |
| hdm_q_o2                  | -47.6    |
| hdm_q_to_minimize         | -0.0393  |
| hdm_weights               | -0.248   |
| Inner_Test_AgChangeRatio  | 0.998    |
| Inner_Train_AgChangeRatio | 0.99     |
| log_hdm_gamma             | -0.163   |
| Loss_hdm                  | 0.0179   |
| Loss_her                  | 0.724    |
| Loss_q                    | 0.742    |
| offset                    | 120      |
| opt_steps                 | 3.84e+05 |
| q_bg                      | -47.4    |
| q_o2_a2                   | -47.5    |
| q_o2_eps_greedy           | -47.1    |
| q_o2_max                  | -47      |
| q_o2_soft                 | -47.3    |
| q_o2_soft_kl              | -47.4    |
| q_o2_targ                 | -47.5    |
| q_targ                    | -47.4    |
| replay_fill_ratio         | 0.504    |
| replay_size               | 840      |
| reward                    | -0.822   |
| TestAgChangeRatio         | 1        |
| TestBestSuccessRate       | 0.06     |
| TestFinalDist             | 4.2      |
| TestSuccessRate           | 0.04     |
| Time                      | 3.13e+03 |
| TimePerSeqRollout         | 4.23     |
| TimePerTrainIter          | 0.00643  |
| TotalTimeSteps            | 5.04e+05 |
| TrainAgChangeRatio        | 1        |
| TrainSuccess              | 0.075    |
----------------------------------------
Epoch 17 eval | final dist 3.859 | success rate 0.000 | best success 0.060
ckpt_name: Dec-16-11-49-55
Epoch 17: Iter (out of 40)= 0 1 2 3 4 5 6 7 8 9 10 11 12 13 14 15 16 17 18 19 20 21 22 23 24 25 26 27 28 29 30 31 32 33 34 35 36 37 38 39
----------------------------------------
| env_steps                 | 5.28e+05 |
| Epoch                     | 17       |
| exp_avg_reward            | 0.44     |
| exp_reward_avg            | 0.48     |
| hdm_gamma                 | 0.85     |
| hdm_gamma_auto            | 0.992    |
| hdm_gamma_zero_point      | 1.46e-06 |
| hdm_q_o1                  | -47.6    |
| hdm_q_o2                  | -47.7    |
| hdm_q_to_minimize         | -0.0256  |
| hdm_weights               | -0.247   |
| Inner_Test_AgChangeRatio  | 0.979    |
| Inner_Train_AgChangeRatio | 0.995    |
| log_hdm_gamma             | -0.163   |
| Loss_hdm                  | 0.0144   |
| Loss_her                  | 0.688    |
| Loss_q                    | 0.702    |
| offset                    | 120      |
| opt_steps                 | 4.08e+05 |
| q_bg                      | -47.6    |
| q_o2_a2                   | -47.7    |
| q_o2_eps_greedy           | -47.3    |
| q_o2_max                  | -47.2    |
| q_o2_soft                 | -47.5    |
| q_o2_soft_kl              | -47.6    |
| q_o2_targ                 | -47.7    |
| q_targ                    | -47.6    |
| replay_fill_ratio         | 0.528    |
| replay_size               | 880      |
| reward                    | -0.822   |
| TestAgChangeRatio         | 1        |
| TestBestSuccessRate       | 0.06     |
| TestFinalDist             | 3.86     |
| TestSuccessRate           | 0        |
| Time                      | 3.32e+03 |
| TimePerSeqRollout         | 4.25     |
| TimePerTrainIter          | 0.00647  |
| TotalTimeSteps            | 5.28e+05 |
| TrainAgChangeRatio        | 1        |
| TrainSuccess              | 0.05     |
----------------------------------------
Epoch 18 eval | final dist 3.327 | success rate 0.080 | best success 0.080
ckpt_name: Dec-16-11-49-55
Epoch 18: Iter (out of 40)= 0 1 2 3 4 5 6 7 8 9 10 11 12 13 14 15 16 17 18 19 20 21 22 23 24 25 26 27 28 29 30 31 32 33 34 35 36 37 38 39
----------------------------------------
| env_steps                 | 5.52e+05 |
| Epoch                     | 18       |
| exp_avg_reward            | 0.44     |
| exp_reward_avg            | 0.48     |
| hdm_gamma                 | 0.85     |
| hdm_gamma_auto            | 0.992    |
| hdm_gamma_zero_point      | 1.53e-06 |
| hdm_q_o1                  | -47.4    |
| hdm_q_o2                  | -47.6    |
| hdm_q_to_minimize         | -0.0207  |
| hdm_weights               | -0.244   |
| Inner_Test_AgChangeRatio  | 0.999    |
| Inner_Train_AgChangeRatio | 0.993    |
| log_hdm_gamma             | -0.163   |
| Loss_hdm                  | 0.0115   |
| Loss_her                  | 0.667    |
| Loss_q                    | 0.678    |
| offset                    | 120      |
| opt_steps                 | 4.32e+05 |
| q_bg                      | -47.4    |
| q_o2_a2                   | -47.6    |
| q_o2_eps_greedy           | -47.2    |
| q_o2_max                  | -47.1    |
| q_o2_soft                 | -47.4    |
| q_o2_soft_kl              | -47.5    |
| q_o2_targ                 | -47.6    |
| q_targ                    | -47.4    |
| replay_fill_ratio         | 0.552    |
| replay_size               | 920      |
| reward                    | -0.822   |
| TestAgChangeRatio         | 1        |
| TestBestSuccessRate       | 0.08     |
| TestFinalDist             | 3.33     |
| TestSuccessRate           | 0.08     |
| Time                      | 3.5e+03  |
| TimePerSeqRollout         | 4.24     |
| TimePerTrainIter          | 0.00645  |
| TotalTimeSteps            | 5.52e+05 |
| TrainAgChangeRatio        | 1        |
| TrainSuccess              | 0        |
----------------------------------------
Epoch 19 eval | final dist 4.111 | success rate 0.000 | best success 0.080
ckpt_name: Dec-16-11-49-55
Epoch 19: Iter (out of 40)= 0 1 2 3 4 5 6 7 8 9 10 11 12 13 14 15 16 17 18 19 20 21 22 23 24 25 26 27 28 29 30 31 32 33 34 35 36 37 38 39
----------------------------------------
| env_steps                 | 5.76e+05 |
| Epoch                     | 19       |
| exp_avg_reward            | 0.44     |
| exp_reward_avg            | 0.48     |
| hdm_gamma                 | 0.85     |
| hdm_gamma_auto            | 0.992    |
| hdm_gamma_zero_point      | 1.96e-06 |
| hdm_q_o1                  | -47.2    |
| hdm_q_o2                  | -47.4    |
| hdm_q_to_minimize         | -0.0162  |
| hdm_weights               | -0.238   |
| Inner_Test_AgChangeRatio  | 0.998    |
| Inner_Train_AgChangeRatio | 0.998    |
| log_hdm_gamma             | -0.163   |
| Loss_hdm                  | 0.0102   |
| Loss_her                  | 0.708    |
| Loss_q                    | 0.718    |
| offset                    | 120      |
| opt_steps                 | 4.56e+05 |
| q_bg                      | -47.2    |
| q_o2_a2                   | -47.3    |
| q_o2_eps_greedy           | -47      |
| q_o2_max                  | -46.9    |
| q_o2_soft                 | -47.2    |
| q_o2_soft_kl              | -47.3    |
| q_o2_targ                 | -47.3    |
| q_targ                    | -47.2    |
| replay_fill_ratio         | 0.576    |
| replay_size               | 960      |
| reward                    | -0.822   |
| TestAgChangeRatio         | 1        |
| TestBestSuccessRate       | 0.08     |
| TestFinalDist             | 4.11     |
| TestSuccessRate           | 0        |
| Time                      | 3.69e+03 |
| TimePerSeqRollout         | 4.26     |
| TimePerTrainIter          | 0.00648  |
| TotalTimeSteps            | 5.76e+05 |
| TrainAgChangeRatio        | 1        |
| TrainSuccess              | 0.075    |
----------------------------------------
Epoch 20 eval | final dist 3.181 | success rate 0.060 | best success 0.080
ckpt_name: Dec-16-11-49-55
Epoch 20: Iter (out of 40)= 0 1 2 3 4 5 6 7 8 9 10 11 12 13 14 15 16 17 18 19 20 21 22 23 24 25 26 27 28 29 30 31 32 33 34 35 36 37 38 39
----------------------------------------
| env_steps                 | 6e+05    |
| Epoch                     | 20       |
| exp_avg_reward            | 0.439    |
| exp_reward_avg            | 0.48     |
| hdm_gamma                 | 0.85     |
| hdm_gamma_auto            | 0.992    |
| hdm_gamma_zero_point      | 1.68e-06 |
| hdm_q_o1                  | -47.3    |
| hdm_q_o2                  | -47.5    |
| hdm_q_to_minimize         | -0.0277  |
| hdm_weights               | -0.232   |
| Inner_Test_AgChangeRatio  | 0.977    |
| Inner_Train_AgChangeRatio | 0.995    |
| log_hdm_gamma             | -0.163   |
| Loss_hdm                  | 0.0117   |
| Loss_her                  | 0.774    |
| Loss_q                    | 0.786    |
| offset                    | 120      |
| opt_steps                 | 4.8e+05  |
| q_bg                      | -47.3    |
| q_o2_a2                   | -47.4    |
| q_o2_eps_greedy           | -47      |
| q_o2_max                  | -46.9    |
| q_o2_soft                 | -47.2    |
| q_o2_soft_kl              | -47.3    |
| q_o2_targ                 | -47.4    |
| q_targ                    | -47.3    |
| replay_fill_ratio         | 0.6      |
| replay_size               | 1e+03    |
| reward                    | -0.822   |
| TestAgChangeRatio         | 0.98     |
| TestBestSuccessRate       | 0.08     |
| TestFinalDist             | 3.18     |
| TestSuccessRate           | 0.06     |
| Time                      | 3.88e+03 |
| TimePerSeqRollout         | 4.23     |
| TimePerTrainIter          | 0.00644  |
| TotalTimeSteps            | 6e+05    |
| TrainAgChangeRatio        | 1        |
| TrainSuccess              | 0.025    |
----------------------------------------
Epoch 21 eval | final dist 3.227 | success rate 0.060 | best success 0.080
ckpt_name: Dec-16-11-49-55
Epoch 21: Iter (out of 40)= 0 1 2 3 4 5 6 7 8 9 10 11 12 13 14 15 16 17 18 19 20 21 22 23 24 25 26 27 28 29 30 31 32 33 34 35 36 37 38 39
----------------------------------------
| env_steps                 | 6.24e+05 |
| Epoch                     | 21       |
| exp_avg_reward            | 0.44     |
| exp_reward_avg            | 0.48     |
| hdm_gamma                 | 0.85     |
| hdm_gamma_auto            | 0.992    |
| hdm_gamma_zero_point      | 6.37e-07 |
| hdm_q_o1                  | -47.5    |
| hdm_q_o2                  | -47.7    |
| hdm_q_to_minimize         | -0.0444  |
| hdm_weights               | -0.233   |
| Inner_Test_AgChangeRatio  | 0.996    |
| Inner_Train_AgChangeRatio | 0.986    |
| log_hdm_gamma             | -0.163   |
| Loss_hdm                  | 0.0177   |
| Loss_her                  | 0.799    |
| Loss_q                    | 0.817    |
| offset                    | 120      |
| opt_steps                 | 5.04e+05 |
| q_bg                      | -47.5    |
| q_o2_a2                   | -47.6    |
| q_o2_eps_greedy           | -47.2    |
| q_o2_max                  | -47.1    |
| q_o2_soft                 | -47.4    |
| q_o2_soft_kl              | -47.5    |
| q_o2_targ                 | -47.6    |
| q_targ                    | -47.5    |
| replay_fill_ratio         | 0.624    |
| replay_size               | 1.04e+03 |
| reward                    | -0.822   |
| TestAgChangeRatio         | 1        |
| TestBestSuccessRate       | 0.08     |
| TestFinalDist             | 3.23     |
| TestSuccessRate           | 0.06     |
| Time                      | 4.07e+03 |
| TimePerSeqRollout         | 4.26     |
| TimePerTrainIter          | 0.00649  |
| TotalTimeSteps            | 6.24e+05 |
| TrainAgChangeRatio        | 0.975    |
| TrainSuccess              | 0        |
----------------------------------------
Epoch 22 eval | final dist 3.473 | success rate 0.020 | best success 0.080
ckpt_name: Dec-16-11-49-55
Epoch 22: Iter (out of 40)= 0 1 2 3 4 5 6 7 8 9 10 11 12 13 14 15 16 17 18 19 20 21 22 23 24 25 26 27 28 29 30 31 32 33 34 35 36 37 38 39
----------------------------------------
| env_steps                 | 6.48e+05 |
| Epoch                     | 22       |
| exp_avg_reward            | 0.44     |
| exp_reward_avg            | 0.48     |
| hdm_gamma                 | 0.85     |
| hdm_gamma_auto            | 0.992    |
| hdm_gamma_zero_point      | 8.65e-07 |
| hdm_q_o1                  | -47.5    |
| hdm_q_o2                  | -47.7    |
| hdm_q_to_minimize         | -0.0496  |
| hdm_weights               | -0.235   |
| Inner_Test_AgChangeRatio  | 0.964    |
| Inner_Train_AgChangeRatio | 0.981    |
| log_hdm_gamma             | -0.163   |
| Loss_hdm                  | 0.0189   |
| Loss_her                  | 0.828    |
| Loss_q                    | 0.847    |
| offset                    | 120      |
| opt_steps                 | 5.28e+05 |
| q_bg                      | -47.5    |
| q_o2_a2                   | -47.7    |
| q_o2_eps_greedy           | -47.2    |
| q_o2_max                  | -47.2    |
| q_o2_soft                 | -47.5    |
| q_o2_soft_kl              | -47.6    |
| q_o2_targ                 | -47.7    |
| q_targ                    | -47.5    |
| replay_fill_ratio         | 0.648    |
| replay_size               | 1.08e+03 |
| reward                    | -0.822   |
| TestAgChangeRatio         | 0.96     |
| TestBestSuccessRate       | 0.08     |
| TestFinalDist             | 3.47     |
| TestSuccessRate           | 0.02     |
| Time                      | 4.26e+03 |
| TimePerSeqRollout         | 4.27     |
| TimePerTrainIter          | 0.00649  |
| TotalTimeSteps            | 6.48e+05 |
| TrainAgChangeRatio        | 1        |
| TrainSuccess              | 0        |
----------------------------------------
Epoch 23 eval | final dist 3.515 | success rate 0.020 | best success 0.080
ckpt_name: Dec-16-11-49-55
Epoch 23: Iter (out of 40)= 0 1 2 3 4 5 6 7 8 9 10 11 12 13 14 15 16 17 18 19 20 21 22 23 24 25 26 27 28 29 30 31 32 33 34 35 36 37 38 39
----------------------------------------
| env_steps                 | 6.72e+05 |
| Epoch                     | 23       |
| exp_avg_reward            | 0.44     |
| exp_reward_avg            | 0.48     |
| hdm_gamma                 | 0.85     |
| hdm_gamma_auto            | 0.992    |
| hdm_gamma_zero_point      | 2.33e-05 |
| hdm_q_o1                  | -47.4    |
| hdm_q_o2                  | -47.5    |
| hdm_q_to_minimize         | -0.0417  |
| hdm_weights               | -0.242   |
| Inner_Test_AgChangeRatio  | 0.965    |
| Inner_Train_AgChangeRatio | 0.993    |
| log_hdm_gamma             | -0.163   |
| Loss_hdm                  | 0.0188   |
| Loss_her                  | 0.849    |
| Loss_q                    | 0.868    |
| offset                    | 120      |
| opt_steps                 | 5.52e+05 |
| q_bg                      | -47.4    |
| q_o2_a2                   | -47.5    |
| q_o2_eps_greedy           | -47.1    |
| q_o2_max                  | -47      |
| q_o2_soft                 | -47.3    |
| q_o2_soft_kl              | -47.4    |
| q_o2_targ                 | -47.5    |
| q_targ                    | -47.4    |
| replay_fill_ratio         | 0.672    |
| replay_size               | 1.12e+03 |
| reward                    | -0.822   |
| TestAgChangeRatio         | 0.96     |
| TestBestSuccessRate       | 0.08     |
| TestFinalDist             | 3.51     |
| TestSuccessRate           | 0.02     |
| Time                      | 4.45e+03 |
| TimePerSeqRollout         | 4.25     |
| TimePerTrainIter          | 0.00647  |
| TotalTimeSteps            | 6.72e+05 |
| TrainAgChangeRatio        | 1        |
| TrainSuccess              | 0.05     |
----------------------------------------
Epoch 24 eval | final dist 3.626 | success rate 0.020 | best success 0.080
ckpt_name: Dec-16-11-49-55
Epoch 24: Iter (out of 40)= 0 1 2 3 4 5 6 7 8 9 10 11 12 13 14 15 16 17 18 19 20 21 22 23 24 25 26 27 28 29 30 31 32 33 34 35 36 37 38 39
----------------------------------------
| env_steps                 | 6.96e+05 |
| Epoch                     | 24       |
| exp_avg_reward            | 0.44     |
| exp_reward_avg            | 0.48     |
| hdm_gamma                 | 0.85     |
| hdm_gamma_auto            | 0.992    |
| hdm_gamma_zero_point      | 0.00109  |
| hdm_q_o1                  | -47.1    |
| hdm_q_o2                  | -47.3    |
| hdm_q_to_minimize         | -0.0249  |
| hdm_weights               | -0.248   |
| Inner_Test_AgChangeRatio  | 0.983    |
| Inner_Train_AgChangeRatio | 0.964    |
| log_hdm_gamma             | -0.163   |
| Loss_hdm                  | 0.0136   |
| Loss_her                  | 0.849    |
| Loss_q                    | 0.863    |
| offset                    | 120      |
| opt_steps                 | 5.76e+05 |
| q_bg                      | -47.1    |
| q_o2_a2                   | -47.3    |
| q_o2_eps_greedy           | -46.8    |
| q_o2_max                  | -46.8    |
| q_o2_soft                 | -47.1    |
| q_o2_soft_kl              | -47.2    |
| q_o2_targ                 | -47.3    |
| q_targ                    | -47.1    |
| replay_fill_ratio         | 0.696    |
| replay_size               | 1.16e+03 |
| reward                    | -0.822   |
| TestAgChangeRatio         | 0.98     |
| TestBestSuccessRate       | 0.08     |
| TestFinalDist             | 3.63     |
| TestSuccessRate           | 0.02     |
| Time                      | 4.63e+03 |
| TimePerSeqRollout         | 4.27     |
| TimePerTrainIter          | 0.0065   |
| TotalTimeSteps            | 6.96e+05 |
| TrainAgChangeRatio        | 0.975    |
| TrainSuccess              | 0.05     |
----------------------------------------
Epoch 25 eval | final dist 3.693 | success rate 0.000 | best success 0.080
ckpt_name: Dec-16-11-49-55
Epoch 25: Iter (out of 40)= 0 1 2 3 4 5 6 7 8 9 10 11 12 13 14 15 16 17 18 19 20 21 22 23 24 25 26 27 28 29 30 31 32 33 34 35 36 37 38 39
----------------------------------------
| env_steps                 | 7.2e+05  |
| Epoch                     | 25       |
| exp_avg_reward            | 0.44     |
| exp_reward_avg            | 0.48     |
| hdm_gamma                 | 0.85     |
| hdm_gamma_auto            | 0.992    |
| hdm_gamma_zero_point      | 0.046    |
| hdm_q_o1                  | -47.2    |
| hdm_q_o2                  | -47.4    |
| hdm_q_to_minimize         | -0.0193  |
| hdm_weights               | -0.244   |
| Inner_Test_AgChangeRatio  | 0.973    |
| Inner_Train_AgChangeRatio | 0.99     |
| log_hdm_gamma             | -0.163   |
| Loss_hdm                  | 0.00987  |
| Loss_her                  | 0.911    |
| Loss_q                    | 0.921    |
| offset                    | 120      |
| opt_steps                 | 6e+05    |
| q_bg                      | -47.2    |
| q_o2_a2                   | -47.3    |
| q_o2_eps_greedy           | -46.8    |
| q_o2_max                  | -46.8    |
| q_o2_soft                 | -47.1    |
| q_o2_soft_kl              | -47.2    |
| q_o2_targ                 | -47.3    |
| q_targ                    | -47.2    |
| replay_fill_ratio         | 0.72     |
| replay_size               | 1.2e+03  |
| reward                    | -0.822   |
| TestAgChangeRatio         | 0.98     |
| TestBestSuccessRate       | 0.08     |
| TestFinalDist             | 3.69     |
| TestSuccessRate           | 0        |
| Time                      | 4.82e+03 |
| TimePerSeqRollout         | 4.24     |
| TimePerTrainIter          | 0.00644  |
| TotalTimeSteps            | 7.2e+05  |
| TrainAgChangeRatio        | 1        |
| TrainSuccess              | 0.075    |
----------------------------------------
Epoch 26 eval | final dist 3.878 | success rate 0.000 | best success 0.080
ckpt_name: Dec-16-11-49-55
Epoch 26: Iter (out of 40)= 0 1 2 3 4 5 6 7 8 9 10 11 12 13 14 15 16 17 18 19 20 21 22 23 24 25 26 27 28 29 30 31 32 33 34 35 36 37 38 39
----------------------------------------
| env_steps                 | 7.44e+05 |
| Epoch                     | 26       |
| exp_avg_reward            | 0.44     |
| exp_reward_avg            | 0.48     |
| hdm_gamma                 | 0.85     |
| hdm_gamma_auto            | 0.992    |
| hdm_gamma_zero_point      | 0.219    |
| hdm_q_o1                  | -47.6    |
| hdm_q_o2                  | -47.8    |
| hdm_q_to_minimize         | -0.028   |
| hdm_weights               | -0.254   |
| Inner_Test_AgChangeRatio  | 0.999    |
| Inner_Train_AgChangeRatio | 0.985    |
| log_hdm_gamma             | -0.163   |
| Loss_hdm                  | 0.0121   |
| Loss_her                  | 1        |
| Loss_q                    | 1.01     |
| offset                    | 120      |
| opt_steps                 | 6.24e+05 |
| q_bg                      | -47.6    |
| q_o2_a2                   | -47.7    |
| q_o2_eps_greedy           | -47.2    |
| q_o2_max                  | -47.1    |
| q_o2_soft                 | -47.4    |
| q_o2_soft_kl              | -47.6    |
| q_o2_targ                 | -47.7    |
| q_targ                    | -47.6    |
| replay_fill_ratio         | 0.744    |
| replay_size               | 1.24e+03 |
| reward                    | -0.822   |
| TestAgChangeRatio         | 1        |
| TestBestSuccessRate       | 0.08     |
| TestFinalDist             | 3.88     |
| TestSuccessRate           | 0        |
| Time                      | 5.01e+03 |
| TimePerSeqRollout         | 4.24     |
| TimePerTrainIter          | 0.00644  |
| TotalTimeSteps            | 7.44e+05 |
| TrainAgChangeRatio        | 0.95     |
| TrainSuccess              | 0        |
----------------------------------------
Epoch 27 eval | final dist 3.544 | success rate 0.000 | best success 0.080
ckpt_name: Dec-16-11-49-55
Epoch 27: Iter (out of 40)= 0 1 2 3 4 5 6 7 8 9 10 11 12 13 14 15 16 17 18 19 20 21 22 23 24 25 26 27 28 29 30 31 32 33 34 35 36 37 38 39
----------------------------------------
| env_steps                 | 7.68e+05 |
| Epoch                     | 27       |
| exp_avg_reward            | 0.44     |
| exp_reward_avg            | 0.48     |
| hdm_gamma                 | 0.85     |
| hdm_gamma_auto            | 0.992    |
| hdm_gamma_zero_point      | 0.275    |
| hdm_q_o1                  | -48      |
| hdm_q_o2                  | -48.2    |
| hdm_q_to_minimize         | -0.0329  |
| hdm_weights               | -0.263   |
| Inner_Test_AgChangeRatio  | 0.959    |
| Inner_Train_AgChangeRatio | 0.989    |
| log_hdm_gamma             | -0.163   |
| Loss_hdm                  | 0.0175   |
| Loss_her                  | 1.06     |
| Loss_q                    | 1.08     |
| offset                    | 120      |
| opt_steps                 | 6.48e+05 |
| q_bg                      | -48      |
| q_o2_a2                   | -48.1    |
| q_o2_eps_greedy           | -47.6    |
| q_o2_max                  | -47.5    |
| q_o2_soft                 | -47.8    |
| q_o2_soft_kl              | -48      |
| q_o2_targ                 | -48.1    |
| q_targ                    | -48      |
| replay_fill_ratio         | 0.768    |
| replay_size               | 1.28e+03 |
| reward                    | -0.822   |
| TestAgChangeRatio         | 0.96     |
| TestBestSuccessRate       | 0.08     |
| TestFinalDist             | 3.54     |
| TestSuccessRate           | 0        |
| Time                      | 5.2e+03  |
| TimePerSeqRollout         | 4.26     |
| TimePerTrainIter          | 0.00647  |
| TotalTimeSteps            | 7.68e+05 |
| TrainAgChangeRatio        | 1        |
| TrainSuccess              | 0.05     |
----------------------------------------
Epoch 28 eval | final dist 3.341 | success rate 0.040 | best success 0.080
ckpt_name: Dec-16-11-49-55
Epoch 28: Iter (out of 40)= 0 1 2 3 4 5 6 7 8 9 10 11 12 13 14 15 16 17 18 19 20 21 22 23 24 25 26 27 28 29 30 31 32 33 34 35 36 37 38 39
----------------------------------------
| env_steps                 | 7.92e+05 |
| Epoch                     | 28       |
| exp_avg_reward            | 0.44     |
| exp_reward_avg            | 0.48     |
| hdm_gamma                 | 0.85     |
| hdm_gamma_auto            | 0.992    |
| hdm_gamma_zero_point      | 0.162    |
| hdm_q_o1                  | -48.2    |
| hdm_q_o2                  | -48.4    |
| hdm_q_to_minimize         | -0.0245  |
| hdm_weights               | -0.271   |
| Inner_Test_AgChangeRatio  | 0.999    |
| Inner_Train_AgChangeRatio | 0.96     |
| log_hdm_gamma             | -0.163   |
| Loss_hdm                  | 0.0171   |
| Loss_her                  | 1.06     |
| Loss_q                    | 1.07     |
| offset                    | 120      |
| opt_steps                 | 6.72e+05 |
| q_bg                      | -48.2    |
| q_o2_a2                   | -48.3    |
| q_o2_eps_greedy           | -47.8    |
| q_o2_max                  | -47.7    |
| q_o2_soft                 | -48.1    |
| q_o2_soft_kl              | -48.2    |
| q_o2_targ                 | -48.3    |
| q_targ                    | -48.2    |
| replay_fill_ratio         | 0.792    |
| replay_size               | 1.32e+03 |
| reward                    | -0.822   |
| TestAgChangeRatio         | 1        |
| TestBestSuccessRate       | 0.08     |
| TestFinalDist             | 3.34     |
| TestSuccessRate           | 0.04     |
| Time                      | 5.38e+03 |
| TimePerSeqRollout         | 4.21     |
| TimePerTrainIter          | 0.00641  |
| TotalTimeSteps            | 7.92e+05 |
| TrainAgChangeRatio        | 0.95     |
| TrainSuccess              | 0.025    |
----------------------------------------
Epoch 29 eval | final dist 3.404 | success rate 0.000 | best success 0.080
ckpt_name: Dec-16-11-49-55
Epoch 29: Iter (out of 40)= 0 1 2 3 4 5 6 7 8 9 10 11 12 13 14 15 16 17 18 19 20 21 22 23 24 25 26 27 28 29 30 31 32 33 34 35 36 37 38 39
----------------------------------------
| env_steps                 | 8.16e+05 |
| Epoch                     | 29       |
| exp_avg_reward            | 0.44     |
| exp_reward_avg            | 0.48     |
| hdm_gamma                 | 0.85     |
| hdm_gamma_auto            | 0.992    |
| hdm_gamma_zero_point      | 0.0343   |
| hdm_q_o1                  | -48.2    |
| hdm_q_o2                  | -48.4    |
| hdm_q_to_minimize         | -0.0336  |
| hdm_weights               | -0.28    |
| Inner_Test_AgChangeRatio  | 0.998    |
| Inner_Train_AgChangeRatio | 1        |
| log_hdm_gamma             | -0.163   |
| Loss_hdm                  | 0.0196   |
| Loss_her                  | 1.06     |
| Loss_q                    | 1.08     |
| offset                    | 120      |
| opt_steps                 | 6.96e+05 |
| q_bg                      | -48.2    |
| q_o2_a2                   | -48.3    |
| q_o2_eps_greedy           | -47.8    |
| q_o2_max                  | -47.8    |
| q_o2_soft                 | -48.1    |
| q_o2_soft_kl              | -48.2    |
| q_o2_targ                 | -48.3    |
| q_targ                    | -48.2    |
| replay_fill_ratio         | 0.816    |
| replay_size               | 1.36e+03 |
| reward                    | -0.822   |
| TestAgChangeRatio         | 1        |
| TestBestSuccessRate       | 0.08     |
| TestFinalDist             | 3.4      |
| TestSuccessRate           | 0        |
| Time                      | 5.57e+03 |
| TimePerSeqRollout         | 4.27     |
| TimePerTrainIter          | 0.00648  |
| TotalTimeSteps            | 8.16e+05 |
| TrainAgChangeRatio        | 1        |
| TrainSuccess              | 0.025    |
----------------------------------------
Epoch 30 eval | final dist 2.931 | success rate 0.020 | best success 0.080
ckpt_name: Dec-16-11-49-55
Epoch 30: Iter (out of 40)= 0 1 2 3 4 5 6 7 8 9 10 11 12 13 14 15 16 17 18 19 20 21 22 23 24 25 26 27 28 29 30 31 32 33 34 35 36 37 38 39
----------------------------------------
| env_steps                 | 8.4e+05  |
| Epoch                     | 30       |
| exp_avg_reward            | 0.44     |
| exp_reward_avg            | 0.48     |
| hdm_gamma                 | 0.85     |
| hdm_gamma_auto            | 0.992    |
| hdm_gamma_zero_point      | 0.0051   |
| hdm_q_o1                  | -47.9    |
| hdm_q_o2                  | -48      |
| hdm_q_to_minimize         | -0.0325  |
| hdm_weights               | -0.287   |
| Inner_Test_AgChangeRatio  | 0.978    |
| Inner_Train_AgChangeRatio | 0.987    |
| log_hdm_gamma             | -0.163   |
| Loss_hdm                  | 0.0259   |
| Loss_her                  | 1.04     |
| Loss_q                    | 1.07     |
| offset                    | 120      |
| opt_steps                 | 7.2e+05  |
| q_bg                      | -47.9    |
| q_o2_a2                   | -48      |
| q_o2_eps_greedy           | -47.5    |
| q_o2_max                  | -47.5    |
| q_o2_soft                 | -47.8    |
| q_o2_soft_kl              | -47.9    |
| q_o2_targ                 | -48      |
| q_targ                    | -47.9    |
| replay_fill_ratio         | 0.84     |
| replay_size               | 1.4e+03  |
| reward                    | -0.822   |
| TestAgChangeRatio         | 0.98     |
| TestBestSuccessRate       | 0.08     |
| TestFinalDist             | 2.93     |
| TestSuccessRate           | 0.02     |
| Time                      | 5.76e+03 |
| TimePerSeqRollout         | 4.25     |
| TimePerTrainIter          | 0.00647  |
| TotalTimeSteps            | 8.4e+05  |
| TrainAgChangeRatio        | 1        |
| TrainSuccess              | 0.025    |
----------------------------------------
Epoch 31 eval | final dist 3.324 | success rate 0.000 | best success 0.080
ckpt_name: Dec-16-11-49-55
Epoch 31: Iter (out of 40)= 0 1 2 3 4 5 6 7 8 9 10 11 12 13 14 15 16 17 18 19 20 21 22 23 24 25 26 27 28 29 30 31 32 33 34 35 36 37 38 39
----------------------------------------
| env_steps                 | 8.64e+05 |
| Epoch                     | 31       |
| exp_avg_reward            | 0.44     |
| exp_reward_avg            | 0.48     |
| hdm_gamma                 | 0.85     |
| hdm_gamma_auto            | 0.992    |
| hdm_gamma_zero_point      | 0.00196  |
| hdm_q_o1                  | -47.5    |
| hdm_q_o2                  | -47.7    |
| hdm_q_to_minimize         | -0.0272  |
| hdm_weights               | -0.278   |
| Inner_Test_AgChangeRatio  | 0.986    |
| Inner_Train_AgChangeRatio | 0.992    |
| log_hdm_gamma             | -0.163   |
| Loss_hdm                  | 0.0213   |
| Loss_her                  | 1.05     |
| Loss_q                    | 1.07     |
| offset                    | 120      |
| opt_steps                 | 7.44e+05 |
| q_bg                      | -47.5    |
| q_o2_a2                   | -47.7    |
| q_o2_eps_greedy           | -47.2    |
| q_o2_max                  | -47.1    |
| q_o2_soft                 | -47.5    |
| q_o2_soft_kl              | -47.6    |
| q_o2_targ                 | -47.7    |
| q_targ                    | -47.5    |
| replay_fill_ratio         | 0.864    |
| replay_size               | 1.44e+03 |
| reward                    | -0.822   |
| TestAgChangeRatio         | 1        |
| TestBestSuccessRate       | 0.08     |
| TestFinalDist             | 3.32     |
| TestSuccessRate           | 0        |
| Time                      | 5.95e+03 |
| TimePerSeqRollout         | 4.25     |
| TimePerTrainIter          | 0.00646  |
| TotalTimeSteps            | 8.64e+05 |
| TrainAgChangeRatio        | 1        |
| TrainSuccess              | 0        |
----------------------------------------
Epoch 32 eval | final dist 3.498 | success rate 0.000 | best success 0.080
ckpt_name: Dec-16-11-49-55
Epoch 32: Iter (out of 40)= 0 1 2 3 4 5 6 7 8 9 10 11 12 13 14 15 16 17 18 19 20 21 22 23 24 25 26 27 28 29 30 31 32 33 34 35 36 37 38 39
----------------------------------------
| env_steps                 | 8.88e+05 |
| Epoch                     | 32       |
| exp_avg_reward            | 0.44     |
| exp_reward_avg            | 0.48     |
| hdm_gamma                 | 0.85     |
| hdm_gamma_auto            | 0.992    |
| hdm_gamma_zero_point      | 0.00112  |
| hdm_q_o1                  | -47.5    |
| hdm_q_o2                  | -47.7    |
| hdm_q_to_minimize         | -0.0398  |
| hdm_weights               | -0.264   |
| Inner_Test_AgChangeRatio  | 0.961    |
| Inner_Train_AgChangeRatio | 0.989    |
| log_hdm_gamma             | -0.163   |
| Loss_hdm                  | 0.0246   |
| Loss_her                  | 1.13     |
| Loss_q                    | 1.15     |
| offset                    | 120      |
| opt_steps                 | 7.68e+05 |
| q_bg                      | -47.5    |
| q_o2_a2                   | -47.7    |
| q_o2_eps_greedy           | -47.1    |
| q_o2_max                  | -47.1    |
| q_o2_soft                 | -47.4    |
| q_o2_soft_kl              | -47.5    |
| q_o2_targ                 | -47.7    |
| q_targ                    | -47.5    |
| replay_fill_ratio         | 0.888    |
| replay_size               | 1.48e+03 |
| reward                    | -0.822   |
| TestAgChangeRatio         | 0.98     |
| TestBestSuccessRate       | 0.08     |
| TestFinalDist             | 3.5      |
| TestSuccessRate           | 0        |
| Time                      | 6.14e+03 |
| TimePerSeqRollout         | 4.23     |
| TimePerTrainIter          | 0.00644  |
| TotalTimeSteps            | 8.88e+05 |
| TrainAgChangeRatio        | 0.975    |
| TrainSuccess              | 0.025    |
----------------------------------------
Epoch 33 eval | final dist 3.582 | success rate 0.000 | best success 0.080
ckpt_name: Dec-16-11-49-55
Epoch 33: Iter (out of 40)= 0 1 2 3 4 5 6 7 8 9 10 11 12 13 14 15 16 17 18 19 20 21 22 23 24 25 26 27 28 29 30 31 32 33 34 35 36 37 38 39
----------------------------------------
| env_steps                 | 9.12e+05 |
| Epoch                     | 33       |
| exp_avg_reward            | 0.44     |
| exp_reward_avg            | 0.48     |
| hdm_gamma                 | 0.85     |
| hdm_gamma_auto            | 0.992    |
| hdm_gamma_zero_point      | 0.00363  |
| hdm_q_o1                  | -47.6    |
| hdm_q_o2                  | -47.8    |
| hdm_q_to_minimize         | -0.0493  |
| hdm_weights               | -0.253   |
| Inner_Test_AgChangeRatio  | 0.998    |
| Inner_Train_AgChangeRatio | 0.978    |
| log_hdm_gamma             | -0.163   |
| Loss_hdm                  | 0.027    |
| Loss_her                  | 1.17     |
| Loss_q                    | 1.2      |
| offset                    | 120      |
| opt_steps                 | 7.92e+05 |
| q_bg                      | -47.6    |
| q_o2_a2                   | -47.7    |
| q_o2_eps_greedy           | -47.2    |
| q_o2_max                  | -47.1    |
| q_o2_soft                 | -47.4    |
| q_o2_soft_kl              | -47.6    |
| q_o2_targ                 | -47.7    |
| q_targ                    | -47.6    |
| replay_fill_ratio         | 0.912    |
| replay_size               | 1.52e+03 |
| reward                    | -0.822   |
| TestAgChangeRatio         | 1        |
| TestBestSuccessRate       | 0.08     |
| TestFinalDist             | 3.58     |
| TestSuccessRate           | 0        |
| Time                      | 6.32e+03 |
| TimePerSeqRollout         | 4.21     |
| TimePerTrainIter          | 0.0064   |
| TotalTimeSteps            | 9.12e+05 |
| TrainAgChangeRatio        | 0.975    |
| TrainSuccess              | 0.075    |
----------------------------------------
Epoch 34 eval | final dist 3.833 | success rate 0.060 | best success 0.080
ckpt_name: Dec-16-11-49-55
Epoch 34: Iter (out of 40)= 0 1 2 3 4 5 6 7 8 9 10 11 12 13 14 15 16 17 18 19 20 21 22 23 24 25 26 27 28 29 30 31 32 33 34 35 36 37 38 39
----------------------------------------
| env_steps                 | 9.36e+05 |
| Epoch                     | 34       |
| exp_avg_reward            | 0.44     |
| exp_reward_avg            | 0.481    |
| hdm_gamma                 | 0.85     |
| hdm_gamma_auto            | 0.992    |
| hdm_gamma_zero_point      | 0.0256   |
| hdm_q_o1                  | -47.7    |
| hdm_q_o2                  | -47.9    |
| hdm_q_to_minimize         | -0.0585  |
| hdm_weights               | -0.246   |
| Inner_Test_AgChangeRatio  | 1        |
| Inner_Train_AgChangeRatio | 0.987    |
| log_hdm_gamma             | -0.163   |
| Loss_hdm                  | 0.0306   |
| Loss_her                  | 1.26     |
| Loss_q                    | 1.29     |
| offset                    | 120      |
| opt_steps                 | 8.16e+05 |
| q_bg                      | -47.7    |
| q_o2_a2                   | -47.8    |
| q_o2_eps_greedy           | -47.2    |
| q_o2_max                  | -47.1    |
| q_o2_soft                 | -47.5    |
| q_o2_soft_kl              | -47.6    |
| q_o2_targ                 | -47.8    |
| q_targ                    | -47.7    |
| replay_fill_ratio         | 0.936    |
| replay_size               | 1.56e+03 |
| reward                    | -0.822   |
| TestAgChangeRatio         | 1        |
| TestBestSuccessRate       | 0.08     |
| TestFinalDist             | 3.83     |
| TestSuccessRate           | 0.06     |
| Time                      | 6.51e+03 |
| TimePerSeqRollout         | 4.26     |
| TimePerTrainIter          | 0.00647  |
| TotalTimeSteps            | 9.36e+05 |
| TrainAgChangeRatio        | 0.975    |
| TrainSuccess              | 0.025    |
----------------------------------------
Epoch 35 eval | final dist 3.818 | success rate 0.100 | best success 0.100
ckpt_name: Dec-16-11-49-55
Epoch 35: Iter (out of 40)= 0 1 2 3 4 5 6 7 8 9 10 11 12 13 14 15 16 17 18 19 20 21 22 23 24 25 26 27 28 29 30 31 32 33 34 35 36 37 38 39
----------------------------------------
| env_steps                 | 9.6e+05  |
| Epoch                     | 35       |
| exp_avg_reward            | 0.44     |
| exp_reward_avg            | 0.48     |
| hdm_gamma                 | 0.85     |
| hdm_gamma_auto            | 0.992    |
| hdm_gamma_zero_point      | 0.0457   |
| hdm_q_o1                  | -48      |
| hdm_q_o2                  | -48.2    |
| hdm_q_to_minimize         | -0.0756  |
| hdm_weights               | -0.239   |
| Inner_Test_AgChangeRatio  | 0.991    |
| Inner_Train_AgChangeRatio | 0.996    |
| log_hdm_gamma             | -0.163   |
| Loss_hdm                  | 0.0339   |
| Loss_her                  | 1.42     |
| Loss_q                    | 1.45     |
| offset                    | 120      |
| opt_steps                 | 8.4e+05  |
| q_bg                      | -48      |
| q_o2_a2                   | -48.1    |
| q_o2_eps_greedy           | -47.5    |
| q_o2_max                  | -47.4    |
| q_o2_soft                 | -47.7    |
| q_o2_soft_kl              | -47.9    |
| q_o2_targ                 | -48.1    |
| q_targ                    | -48      |
| replay_fill_ratio         | 0.96     |
| replay_size               | 1.6e+03  |
| reward                    | -0.822   |
| TestAgChangeRatio         | 1        |
| TestBestSuccessRate       | 0.1      |
| TestFinalDist             | 3.82     |
| TestSuccessRate           | 0.1      |
| Time                      | 6.7e+03  |
| TimePerSeqRollout         | 4.26     |
| TimePerTrainIter          | 0.00647  |
| TotalTimeSteps            | 9.6e+05  |
| TrainAgChangeRatio        | 1        |
| TrainSuccess              | 0.05     |
----------------------------------------
Epoch 36 eval | final dist 3.805 | success rate 0.020 | best success 0.100
ckpt_name: Dec-16-11-49-55
Epoch 36: Iter (out of 40)= 0 1 2 3 4 5 6 7 8 9 10 11 12 13 14 15 16 17 18 19 20 21 22 23 24 25 26 27 28 29 30 31 32 33 34 35 36 37 38 39
----------------------------------------
| env_steps                 | 9.84e+05 |
| Epoch                     | 36       |
| exp_avg_reward            | 0.44     |
| exp_reward_avg            | 0.48     |
| hdm_gamma                 | 0.85     |
| hdm_gamma_auto            | 0.992    |
| hdm_gamma_zero_point      | 0.0628   |
| hdm_q_o1                  | -48.5    |
| hdm_q_o2                  | -48.8    |
| hdm_q_to_minimize         | -0.101   |
| hdm_weights               | -0.242   |
| Inner_Test_AgChangeRatio  | 0.993    |
| Inner_Train_AgChangeRatio | 0.986    |
| log_hdm_gamma             | -0.163   |
| Loss_hdm                  | 0.0415   |
| Loss_her                  | 1.6      |
| Loss_q                    | 1.65     |
| offset                    | 120      |
| opt_steps                 | 8.64e+05 |
| q_bg                      | -48.5    |
| q_o2_a2                   | -48.7    |
| q_o2_eps_greedy           | -48      |
| q_o2_max                  | -47.9    |
| q_o2_soft                 | -48.3    |
| q_o2_soft_kl              | -48.4    |
| q_o2_targ                 | -48.7    |
| q_targ                    | -48.5    |
| replay_fill_ratio         | 0.984    |
| replay_size               | 1.64e+03 |
| reward                    | -0.822   |
| TestAgChangeRatio         | 1        |
| TestBestSuccessRate       | 0.1      |
| TestFinalDist             | 3.81     |
| TestSuccessRate           | 0.02     |
| Time                      | 6.89e+03 |
| TimePerSeqRollout         | 4.25     |
| TimePerTrainIter          | 0.00647  |
| TotalTimeSteps            | 9.84e+05 |
| TrainAgChangeRatio        | 1        |
| TrainSuccess              | 0.025    |
----------------------------------------
Epoch 37 eval | final dist 3.617 | success rate 0.000 | best success 0.100
ckpt_name: Dec-16-11-49-55
Epoch 37: Iter (out of 40)= 0 1 2 3 4 5 6 7 8 9 10 11 12 13 14 15 16 17 18 19 20 21 22 23 24 25 26 27 28 29 30 31 32 33 34 35 36 37 38 39
----------------------------------------
| env_steps                 | 1.01e+06 |
| Epoch                     | 37       |
| exp_avg_reward            | 0.44     |
| exp_reward_avg            | 0.48     |
| hdm_gamma                 | 0.85     |
| hdm_gamma_auto            | 0.992    |
| hdm_gamma_zero_point      | 0.00875  |
| hdm_q_o1                  | -48.9    |
| hdm_q_o2                  | -49.1    |
| hdm_q_to_minimize         | -0.117   |
| hdm_weights               | -0.249   |
| Inner_Test_AgChangeRatio  | 0.978    |
| Inner_Train_AgChangeRatio | 0.995    |
| log_hdm_gamma             | -0.163   |
| Loss_hdm                  | 0.0535   |
| Loss_her                  | 1.68     |
| Loss_q                    | 1.73     |
| offset                    | 120      |
| opt_steps                 | 8.88e+05 |
| q_bg                      | -48.9    |
| q_o2_a2                   | -49      |
| q_o2_eps_greedy           | -48.4    |
| q_o2_max                  | -48.3    |
| q_o2_soft                 | -48.6    |
| q_o2_soft_kl              | -48.8    |
| q_o2_targ                 | -49      |
| q_targ                    | -48.9    |
| replay_fill_ratio         | 1        |
| replay_size               | 1.67e+03 |
| reward                    | -0.822   |
| TestAgChangeRatio         | 0.98     |
| TestBestSuccessRate       | 0.1      |
| TestFinalDist             | 3.62     |
| TestSuccessRate           | 0        |
| Time                      | 7.08e+03 |
| TimePerSeqRollout         | 4.23     |
| TimePerTrainIter          | 0.00643  |
| TotalTimeSteps            | 1.01e+06 |
| TrainAgChangeRatio        | 0.975    |
| TrainSuccess              | 0.05     |
----------------------------------------
============================================
Job completed at: Tue Dec 16 13:48:05 CST 2025
============================================
